../Core/Src/main.c:144:19:cmdq_empty	1
../Core/Src/main.c:147:12:cmdq_push	2
../Core/Src/main.c:157:12:cmdq_pop	2
../Core/Src/main.c:171:20:cmdq_clear	1
../Core/Src/main.c:181:6:HAL_UART_TxCpltCallback	2
../Core/Src/main.c:187:13:send_ack	2
../Core/Src/main.c:198:13:send_ack_one_cmd	2
../Core/Src/main.c:415:20:icm_read	3
../Core/Src/main.c:434:10:icm_read_gz_raw	2
../Core/Src/main.c:442:6:readByte	1
../Core/Src/main.c:449:6:writeByte	1
../Core/Src/main.c:456:6:gyroInit	1
../Core/Src/main.c:487:20:delay_us	2
../Core/Src/main.c:497:6:DWT_Delay_Init	1
../Core/Src/main.c:523:20:motor_brake	1
../Core/Src/main.c:532:20:left_forward_duty	1
../Core/Src/main.c:537:20:right_forward_duty	1
../Core/Src/main.c:553:20:left_reverse_duty	1
../Core/Src/main.c:559:20:right_reverse_duty	1
../Core/Src/main.c:566:20:set_servo_center	1
../Core/Src/main.c:567:20:set_servo_right	1
../Core/Src/main.c:568:20:set_servo_reverse_right	1
../Core/Src/main.c:569:20:set_servo_left	1
../Core/Src/main.c:570:20:set_servo_reverse_left	1
../Core/Src/main.c:571:20:set_servo_center_afterleft	1
../Core/Src/main.c:572:20:set_servo_center_afterright	1
../Core/Src/main.c:574:20:uart_cmd_to_string	9
../Core/Src/main.c:600:13:parse_and_enqueue_script	28
../Core/Src/main.c:716:20:telemetry_name_for_cmd	16
../Core/Src/main.c:771:12:start_next_from_queue	23
../Core/Src/main.c:1030:7:Voltage_To_Distance_CM	4
../Core/Src/main.c:1044:5:main	1
../Core/Src/main.c:1162:6:SystemClock_Config	3
../Core/Src/main.c:1204:13:MX_ADC1_Init	4
../Core/Src/main.c:1265:13:MX_I2C2_Init	2
../Core/Src/main.c:1299:13:MX_TIM2_Init	3
../Core/Src/main.c:1348:13:MX_TIM3_Init	3
../Core/Src/main.c:1397:13:MX_TIM4_Init	7
../Core/Src/main.c:1460:13:MX_TIM8_Init	6
../Core/Src/main.c:1519:13:MX_TIM9_Init	6
../Core/Src/main.c:1575:13:MX_TIM12_Init	5
../Core/Src/main.c:1627:13:MX_USART2_UART_Init	2
../Core/Src/main.c:1660:13:MX_USART3_UART_Init	2
../Core/Src/main.c:1691:13:MX_DMA_Init	1
../Core/Src/main.c:1709:13:MX_GPIO_Init	1
../Core/Src/main.c:1786:6:HCSR04_Trigger	1
../Core/Src/main.c:1795:20:HCSR04_Trigger_10us	1
../Core/Src/main.c:1804:24:median3_u32	1
../Core/Src/main.c:1811:6:HAL_TIM_IC_CaptureCallback	6
../Core/Src/main.c:1890:6:HAL_UART_RxCpltCallback	12
../Core/Src/main.c:1951:6:HAL_ADC_ConvCpltCallback	2
../Core/Src/main.c:1982:6:ledTask	1
../Core/Src/main.c:2006:6:oledTask	5
../Core/Src/main.c:2075:6:motorTask	107
../Core/Src/main.c:2907:6:encoderTask	3
../Core/Src/main.c:2981:6:gyroTask	3
../Core/Src/main.c:3094:6:ultrasoundTask	2
../Core/Src/main.c:3125:6:irTask	1
../Core/Src/main.c:3172:6:Error_Handler	1
