../Core/Src/main.c:150:19:cmdq_empty	4	static
../Core/Src/main.c:153:12:cmdq_push	24	static
../Core/Src/main.c:163:12:cmdq_pop	24	static
../Core/Src/main.c:177:20:cmdq_clear	4	static,ignoring_inline_asm
../Core/Src/main.c:187:6:HAL_UART_TxCpltCallback	16	static
../Core/Src/main.c:193:13:send_ack	8	static
../Core/Src/main.c:204:13:send_ack_one_cmd	8	static
../Core/Src/main.c:508:20:delay_us	24	static,ignoring_inline_asm
../Core/Src/main.c:518:6:DWT_Delay_Init	4	static
../Core/Src/main.c:544:20:motor_brake	4	static
../Core/Src/main.c:553:20:left_forward_duty	16	static
../Core/Src/main.c:558:20:right_forward_duty	16	static
../Core/Src/main.c:574:20:left_reverse_duty	16	static
../Core/Src/main.c:580:20:right_reverse_duty	16	static
../Core/Src/main.c:589:20:set_servo_center	4	static
../Core/Src/main.c:590:20:set_servo_right	4	static
../Core/Src/main.c:591:20:set_servo_reverse_right	4	static
../Core/Src/main.c:592:20:set_servo_left	4	static
../Core/Src/main.c:593:20:set_servo_reverse_left	4	static
../Core/Src/main.c:594:20:set_servo_center_afterleft	4	static
../Core/Src/main.c:600:20:set_servo_center_afterright	4	static
../Core/Src/main.c:606:19:clamp_pwm_compare	16	static
../Core/Src/main.c:615:20:is_turn_command	16	static
../Core/Src/main.c:623:20:is_reverse_turn_command	16	static
../Core/Src/main.c:628:20:is_right_steer_turn	16	static
../Core/Src/main.c:637:21:turn_yaw_direction	16	static
../Core/Src/main.c:642:13:set_turn_servo_for_command	16	static
../Core/Src/main.c:654:13:center_servo_after_turn	16	static
../Core/Src/main.c:662:13:reset_turn_controller	8	static
../Core/Src/main.c:678:13:stop_turn_controller	4	static
../Core/Src/main.c:692:12:pwm_compare_from_effort	24	static
../Core/Src/main.c:698:13:drive_turn_wheels	32	static
../Core/Src/main.c:734:13:finish_turn_command	24	static
../Core/Src/main.c:800:13:manual_publish_line	24	static
../Core/Src/main.c:810:13:manual_queue_reply	16	static
../Core/Src/main.c:815:13:manual_flush_reply	8	static
../Core/Src/main.c:828:13:manual_recenter	8	static
../Core/Src/main.c:836:13:manual_exit	16	static,ignoring_inline_asm
../Core/Src/main.c:855:13:manual_begin_mode	24	static
../Core/Src/main.c:891:12:manual_apply_output	72	static
../Core/Src/main.c:985:12:manual_service	272	static,ignoring_inline_asm
../Core/Src/main.c:1052:20:uart_cmd_to_string	4	static
../Core/Src/main.c:1080:13:parse_and_enqueue_script	56	static
../Core/Src/main.c:1196:20:telemetry_name_for_cmd	16	static
../Core/Src/main.c:1251:12:start_next_from_queue	40	static
../Core/Src/main.c:1516:7:Voltage_To_Distance_CM	24	static
../Core/Src/main.c:1530:5:main	216	static
../Core/Src/main.c:1667:6:SystemClock_Config	88	static
../Core/Src/main.c:1709:13:MX_ADC1_Init	24	static
../Core/Src/main.c:1770:13:MX_I2C2_Init	8	static
../Core/Src/main.c:1804:13:MX_TIM2_Init	56	static
../Core/Src/main.c:1853:13:MX_TIM3_Init	56	static
../Core/Src/main.c:1902:13:MX_TIM4_Init	64	static
../Core/Src/main.c:1965:13:MX_TIM8_Init	48	static
../Core/Src/main.c:2024:13:MX_TIM9_Init	56	static
../Core/Src/main.c:2080:13:MX_TIM12_Init	56	static
../Core/Src/main.c:2132:13:MX_USART2_UART_Init	8	static
../Core/Src/main.c:2165:13:MX_USART3_UART_Init	8	static
../Core/Src/main.c:2196:13:MX_DMA_Init	16	static
../Core/Src/main.c:2214:13:MX_GPIO_Init	48	static
../Core/Src/main.c:2291:6:HCSR04_Trigger	8	static
../Core/Src/main.c:2300:20:HCSR04_Trigger_10us	8	static
../Core/Src/main.c:2309:24:median3_u32	32	static
../Core/Src/main.c:2316:6:HAL_TIM_IC_CaptureCallback	24	static
../Core/Src/main.c:2430:6:HAL_UART_RxCpltCallback	24	static
../Core/Src/main.c:2471:6:HAL_ADC_ConvCpltCallback	24	static
../Core/Src/main.c:2502:6:ledTask	24	static
../Core/Src/main.c:2526:6:oledTask	64	static
../Core/Src/main.c:2606:6:motorTask	664	static,ignoring_inline_asm
../Core/Src/main.c:3724:6:encoderTask	88	static
../Core/Src/main.c:3830:6:gyroTask	48	static
../Core/Src/main.c:3973:6:ultrasoundTask	16	static
../Core/Src/main.c:4004:6:irTask	40	static
../Core/Src/main.c:4051:6:Error_Handler	4	static,ignoring_inline_asm
