../Core/Src/main.c:150:19:cmdq_empty	4	static
../Core/Src/main.c:153:12:cmdq_push	24	static
../Core/Src/main.c:163:12:cmdq_pop	24	static
../Core/Src/main.c:177:20:cmdq_clear	4	static,ignoring_inline_asm
../Core/Src/main.c:187:6:HAL_UART_TxCpltCallback	16	static
../Core/Src/main.c:193:13:send_ack	8	static
../Core/Src/main.c:204:13:send_ack_one_cmd	8	static
../Core/Src/main.c:646:20:delay_us	24	static,ignoring_inline_asm
../Core/Src/main.c:656:6:DWT_Delay_Init	4	static
../Core/Src/main.c:682:20:motor_brake	8	static
../Core/Src/main.c:692:20:left_forward_duty	16	static
../Core/Src/main.c:697:20:right_forward_duty	16	static
../Core/Src/main.c:702:20:left_coast	4	static
../Core/Src/main.c:707:20:right_coast	4	static
../Core/Src/main.c:713:20:left_reverse_duty	16	static
../Core/Src/main.c:719:20:right_reverse_duty	16	static
../Core/Src/main.c:728:20:set_servo_center	4	static
../Core/Src/main.c:729:20:set_servo_right	4	static
../Core/Src/main.c:730:20:set_servo_reverse_right	4	static
../Core/Src/main.c:731:20:set_servo_left	4	static
../Core/Src/main.c:732:20:set_servo_reverse_left	4	static
../Core/Src/main.c:738:20:set_servo_center_afterleft	4	static
../Core/Src/main.c:745:20:set_servo_center_afterright	4	static
../Core/Src/main.c:753:19:reverse_center_ccr	4	static
../Core/Src/main.c:760:13:home_steering	8	static
../Core/Src/main.c:794:13:recenter_after_straight	16	static
../Core/Src/main.c:837:19:clamp_pwm_compare	16	static
../Core/Src/main.c:846:20:is_turn_command	16	static
../Core/Src/main.c:854:20:is_reverse_turn_command	16	static
../Core/Src/main.c:859:20:is_right_steer_turn	16	static
../Core/Src/main.c:868:21:turn_yaw_direction	16	static
../Core/Src/main.c:873:13:set_turn_servo_for_command	16	static
../Core/Src/main.c:885:13:center_servo_after_turn	16	static
../Core/Src/main.c:893:13:reset_turn_controller	8	static
../Core/Src/main.c:909:13:stop_turn_controller	4	static
../Core/Src/main.c:923:12:pwm_compare_from_effort	24	static
../Core/Src/main.c:929:13:drive_turn_wheels	32	static
../Core/Src/main.c:965:13:finish_turn_command	24	static
../Core/Src/main.c:1031:13:manual_publish_line	24	static
../Core/Src/main.c:1041:13:manual_queue_reply	16	static
../Core/Src/main.c:1046:13:manual_flush_reply	8	static
../Core/Src/main.c:1059:13:manual_recenter	8	static
../Core/Src/main.c:1067:13:manual_exit	16	static,ignoring_inline_asm
../Core/Src/main.c:1086:13:manual_begin_mode	24	static
../Core/Src/main.c:1122:12:manual_apply_output	72	static
../Core/Src/main.c:1216:12:manual_service	272	static,ignoring_inline_asm
../Core/Src/main.c:1283:20:uart_cmd_to_string	4	static
../Core/Src/main.c:1311:13:parse_and_enqueue_script	56	static
../Core/Src/main.c:1427:20:telemetry_name_for_cmd	16	static
../Core/Src/main.c:1482:12:start_next_from_queue	40	static
../Core/Src/main.c:1797:7:Voltage_To_Distance_CM	24	static
../Core/Src/main.c:1811:5:main	216	static
../Core/Src/main.c:1954:6:SystemClock_Config	88	static
../Core/Src/main.c:1996:13:MX_ADC1_Init	24	static
../Core/Src/main.c:2057:13:MX_I2C2_Init	8	static
../Core/Src/main.c:2091:13:MX_TIM2_Init	56	static
../Core/Src/main.c:2140:13:MX_TIM3_Init	56	static
../Core/Src/main.c:2189:13:MX_TIM4_Init	64	static
../Core/Src/main.c:2252:13:MX_TIM8_Init	48	static
../Core/Src/main.c:2311:13:MX_TIM9_Init	56	static
../Core/Src/main.c:2367:13:MX_TIM12_Init	56	static
../Core/Src/main.c:2419:13:MX_USART2_UART_Init	8	static
../Core/Src/main.c:2452:13:MX_USART3_UART_Init	8	static
../Core/Src/main.c:2483:13:MX_DMA_Init	16	static
../Core/Src/main.c:2501:13:MX_GPIO_Init	48	static
../Core/Src/main.c:2578:6:HCSR04_Trigger	8	static
../Core/Src/main.c:2587:20:HCSR04_Trigger_10us	8	static
../Core/Src/main.c:2596:24:median3_u32	32	static
../Core/Src/main.c:2603:6:HAL_TIM_IC_CaptureCallback	24	static
../Core/Src/main.c:2717:6:HAL_UART_RxCpltCallback	24	static
../Core/Src/main.c:2758:6:HAL_ADC_ConvCpltCallback	24	static
../Core/Src/main.c:2789:6:ledTask	24	static
../Core/Src/main.c:2813:6:oledTask	64	static
../Core/Src/main.c:2893:6:motorTask	816	static,ignoring_inline_asm
../Core/Src/main.c:4672:6:encoderTask	96	static
../Core/Src/main.c:4800:6:gyroTask	48	static
../Core/Src/main.c:4951:6:ultrasoundTask	16	static
../Core/Src/main.c:4982:6:irTask	40	static
../Core/Src/main.c:5029:6:Error_Handler	4	static,ignoring_inline_asm
