../Core/Src/main.c:150:19:cmdq_empty	1
../Core/Src/main.c:153:12:cmdq_push	2
../Core/Src/main.c:163:12:cmdq_pop	2
../Core/Src/main.c:177:20:cmdq_clear	1
../Core/Src/main.c:187:6:HAL_UART_TxCpltCallback	2
../Core/Src/main.c:193:13:send_ack	2
../Core/Src/main.c:204:13:send_ack_one_cmd	2
../Core/Src/main.c:473:20:delay_us	2
../Core/Src/main.c:483:6:DWT_Delay_Init	1
../Core/Src/main.c:509:20:motor_brake	1
../Core/Src/main.c:518:20:left_forward_duty	1
../Core/Src/main.c:523:20:right_forward_duty	1
../Core/Src/main.c:539:20:left_reverse_duty	1
../Core/Src/main.c:545:20:right_reverse_duty	1
../Core/Src/main.c:554:20:set_servo_center	1
../Core/Src/main.c:555:20:set_servo_right	1
../Core/Src/main.c:556:20:set_servo_reverse_right	1
../Core/Src/main.c:557:20:set_servo_left	1
../Core/Src/main.c:558:20:set_servo_reverse_left	1
../Core/Src/main.c:559:20:set_servo_center_afterleft	1
../Core/Src/main.c:565:20:set_servo_center_afterright	1
../Core/Src/main.c:571:19:clamp_pwm_compare	3
../Core/Src/main.c:580:20:is_turn_command	5
../Core/Src/main.c:588:20:is_reverse_turn_command	3
../Core/Src/main.c:593:20:is_right_steer_turn	3
../Core/Src/main.c:602:21:turn_yaw_direction	3
../Core/Src/main.c:607:13:set_turn_servo_for_command	5
../Core/Src/main.c:619:13:center_servo_after_turn	2
../Core/Src/main.c:627:13:reset_turn_controller	1
../Core/Src/main.c:643:13:stop_turn_controller	1
../Core/Src/main.c:657:12:pwm_compare_from_effort	1
../Core/Src/main.c:663:13:drive_turn_wheels	3
../Core/Src/main.c:699:13:finish_turn_command	3
../Core/Src/main.c:752:13:manual_publish_line	4
../Core/Src/main.c:762:13:manual_queue_reply	1
../Core/Src/main.c:768:13:manual_flush_reply	4
../Core/Src/main.c:781:13:manual_recenter	3
../Core/Src/main.c:789:13:manual_exit	3
../Core/Src/main.c:804:13:manual_begin_mode	2
../Core/Src/main.c:832:13:manual_apply_output	6
../Core/Src/main.c:859:12:manual_service	21
../Core/Src/main.c:925:20:uart_cmd_to_string	10
../Core/Src/main.c:953:13:parse_and_enqueue_script	28
../Core/Src/main.c:1069:20:telemetry_name_for_cmd	16
../Core/Src/main.c:1124:12:start_next_from_queue	27
../Core/Src/main.c:1389:7:Voltage_To_Distance_CM	4
../Core/Src/main.c:1403:5:main	7
../Core/Src/main.c:1540:6:SystemClock_Config	3
../Core/Src/main.c:1582:13:MX_ADC1_Init	4
../Core/Src/main.c:1643:13:MX_I2C2_Init	2
../Core/Src/main.c:1677:13:MX_TIM2_Init	3
../Core/Src/main.c:1726:13:MX_TIM3_Init	3
../Core/Src/main.c:1775:13:MX_TIM4_Init	7
../Core/Src/main.c:1838:13:MX_TIM8_Init	6
../Core/Src/main.c:1897:13:MX_TIM9_Init	6
../Core/Src/main.c:1953:13:MX_TIM12_Init	5
../Core/Src/main.c:2005:13:MX_USART2_UART_Init	2
../Core/Src/main.c:2038:13:MX_USART3_UART_Init	2
../Core/Src/main.c:2069:13:MX_DMA_Init	1
../Core/Src/main.c:2087:13:MX_GPIO_Init	1
../Core/Src/main.c:2164:6:HCSR04_Trigger	1
../Core/Src/main.c:2173:20:HCSR04_Trigger_10us	1
../Core/Src/main.c:2182:24:median3_u32	1
../Core/Src/main.c:2189:6:HAL_TIM_IC_CaptureCallback	6
../Core/Src/main.c:2303:6:HAL_UART_RxCpltCallback	24
../Core/Src/main.c:2344:6:HAL_ADC_ConvCpltCallback	2
../Core/Src/main.c:2375:6:ledTask	1
../Core/Src/main.c:2399:6:oledTask	6
../Core/Src/main.c:2479:6:motorTask	110
../Core/Src/main.c:3364:6:encoderTask	8
../Core/Src/main.c:3465:6:gyroTask	7
../Core/Src/main.c:3608:6:ultrasoundTask	2
../Core/Src/main.c:3639:6:irTask	1
../Core/Src/main.c:3686:6:Error_Handler	1
