../Core/Src/main.c:147:19:cmdq_empty	4	static
../Core/Src/main.c:150:12:cmdq_push	24	static
../Core/Src/main.c:160:12:cmdq_pop	24	static
../Core/Src/main.c:174:20:cmdq_clear	4	static,ignoring_inline_asm
../Core/Src/main.c:184:6:HAL_UART_TxCpltCallback	16	static
../Core/Src/main.c:190:13:send_ack	8	static
../Core/Src/main.c:201:13:send_ack_one_cmd	8	static
../Core/Src/main.c:470:20:delay_us	24	static,ignoring_inline_asm
../Core/Src/main.c:480:6:DWT_Delay_Init	4	static
../Core/Src/main.c:506:20:motor_brake	4	static
../Core/Src/main.c:515:20:left_forward_duty	16	static
../Core/Src/main.c:520:20:right_forward_duty	16	static
../Core/Src/main.c:536:20:left_reverse_duty	16	static
../Core/Src/main.c:542:20:right_reverse_duty	16	static
../Core/Src/main.c:551:20:set_servo_center	4	static
../Core/Src/main.c:552:20:set_servo_right	4	static
../Core/Src/main.c:553:20:set_servo_reverse_right	4	static
../Core/Src/main.c:554:20:set_servo_left	4	static
../Core/Src/main.c:555:20:set_servo_reverse_left	4	static
../Core/Src/main.c:556:20:set_servo_center_afterleft	4	static
../Core/Src/main.c:562:20:set_servo_center_afterright	4	static
../Core/Src/main.c:568:19:clamp_pwm_compare	16	static
../Core/Src/main.c:577:20:is_turn_command	16	static
../Core/Src/main.c:585:20:is_reverse_turn_command	16	static
../Core/Src/main.c:590:20:is_right_steer_turn	16	static
../Core/Src/main.c:599:21:turn_yaw_direction	16	static
../Core/Src/main.c:604:13:set_turn_servo_for_command	16	static
../Core/Src/main.c:616:13:center_servo_after_turn	16	static
../Core/Src/main.c:624:13:reset_turn_controller	8	static
../Core/Src/main.c:640:13:stop_turn_controller	4	static
../Core/Src/main.c:654:12:pwm_compare_from_effort	24	static
../Core/Src/main.c:660:13:drive_turn_wheels	32	static
../Core/Src/main.c:696:13:finish_turn_command	24	static
../Core/Src/main.c:734:20:uart_cmd_to_string	4	static
../Core/Src/main.c:760:13:parse_and_enqueue_script	56	static
../Core/Src/main.c:876:20:telemetry_name_for_cmd	16	static
../Core/Src/main.c:931:12:start_next_from_queue	40	static
../Core/Src/main.c:1196:7:Voltage_To_Distance_CM	24	static
../Core/Src/main.c:1210:5:main	216	static
../Core/Src/main.c:1347:6:SystemClock_Config	88	static
../Core/Src/main.c:1389:13:MX_ADC1_Init	24	static
../Core/Src/main.c:1450:13:MX_I2C2_Init	8	static
../Core/Src/main.c:1484:13:MX_TIM2_Init	56	static
../Core/Src/main.c:1533:13:MX_TIM3_Init	56	static
../Core/Src/main.c:1582:13:MX_TIM4_Init	64	static
../Core/Src/main.c:1645:13:MX_TIM8_Init	48	static
../Core/Src/main.c:1704:13:MX_TIM9_Init	56	static
../Core/Src/main.c:1760:13:MX_TIM12_Init	56	static
../Core/Src/main.c:1812:13:MX_USART2_UART_Init	8	static
../Core/Src/main.c:1845:13:MX_USART3_UART_Init	8	static
../Core/Src/main.c:1876:13:MX_DMA_Init	16	static
../Core/Src/main.c:1894:13:MX_GPIO_Init	48	static
../Core/Src/main.c:1971:6:HCSR04_Trigger	8	static
../Core/Src/main.c:1980:20:HCSR04_Trigger_10us	8	static
../Core/Src/main.c:1989:24:median3_u32	32	static
../Core/Src/main.c:1996:6:HAL_TIM_IC_CaptureCallback	24	static
../Core/Src/main.c:2075:6:HAL_UART_RxCpltCallback	24	static
../Core/Src/main.c:2109:6:HAL_ADC_ConvCpltCallback	24	static
../Core/Src/main.c:2140:6:ledTask	24	static
../Core/Src/main.c:2164:6:oledTask	64	static
../Core/Src/main.c:2244:6:motorTask	616	static,ignoring_inline_asm
../Core/Src/main.c:3115:6:encoderTask	80	static
../Core/Src/main.c:3216:6:gyroTask	48	static
../Core/Src/main.c:3359:6:ultrasoundTask	16	static
../Core/Src/main.c:3390:6:irTask	40	static
../Core/Src/main.c:3437:6:Error_Handler	4	static,ignoring_inline_asm
