../Core/Src/main.c:150:19:cmdq_empty	1
../Core/Src/main.c:153:12:cmdq_push	2
../Core/Src/main.c:163:12:cmdq_pop	2
../Core/Src/main.c:177:20:cmdq_clear	1
../Core/Src/main.c:187:6:HAL_UART_TxCpltCallback	2
../Core/Src/main.c:193:13:send_ack	2
../Core/Src/main.c:204:13:send_ack_one_cmd	2
../Core/Src/main.c:490:20:delay_us	2
../Core/Src/main.c:500:6:DWT_Delay_Init	1
../Core/Src/main.c:526:20:motor_brake	1
../Core/Src/main.c:535:20:left_forward_duty	1
../Core/Src/main.c:540:20:right_forward_duty	1
../Core/Src/main.c:556:20:left_reverse_duty	1
../Core/Src/main.c:562:20:right_reverse_duty	1
../Core/Src/main.c:571:20:set_servo_center	1
../Core/Src/main.c:572:20:set_servo_right	1
../Core/Src/main.c:573:20:set_servo_reverse_right	1
../Core/Src/main.c:574:20:set_servo_left	1
../Core/Src/main.c:575:20:set_servo_reverse_left	1
../Core/Src/main.c:576:20:set_servo_center_afterleft	1
../Core/Src/main.c:582:20:set_servo_center_afterright	1
../Core/Src/main.c:588:19:clamp_pwm_compare	3
../Core/Src/main.c:597:20:is_turn_command	5
../Core/Src/main.c:605:20:is_reverse_turn_command	3
../Core/Src/main.c:610:20:is_right_steer_turn	3
../Core/Src/main.c:619:21:turn_yaw_direction	3
../Core/Src/main.c:624:13:set_turn_servo_for_command	5
../Core/Src/main.c:636:13:center_servo_after_turn	2
../Core/Src/main.c:644:13:reset_turn_controller	1
../Core/Src/main.c:660:13:stop_turn_controller	1
../Core/Src/main.c:674:12:pwm_compare_from_effort	1
../Core/Src/main.c:680:13:drive_turn_wheels	3
../Core/Src/main.c:716:13:finish_turn_command	3
../Core/Src/main.c:782:13:manual_publish_line	4
../Core/Src/main.c:792:13:manual_queue_reply	1
../Core/Src/main.c:797:13:manual_flush_reply	4
../Core/Src/main.c:810:13:manual_recenter	3
../Core/Src/main.c:818:13:manual_exit	3
../Core/Src/main.c:837:13:manual_begin_mode	2
../Core/Src/main.c:873:12:manual_apply_output	19
../Core/Src/main.c:967:12:manual_service	21
../Core/Src/main.c:1034:20:uart_cmd_to_string	10
../Core/Src/main.c:1062:13:parse_and_enqueue_script	28
../Core/Src/main.c:1178:20:telemetry_name_for_cmd	16
../Core/Src/main.c:1233:12:start_next_from_queue	27
../Core/Src/main.c:1498:7:Voltage_To_Distance_CM	4
../Core/Src/main.c:1512:5:main	7
../Core/Src/main.c:1649:6:SystemClock_Config	3
../Core/Src/main.c:1691:13:MX_ADC1_Init	4
../Core/Src/main.c:1752:13:MX_I2C2_Init	2
../Core/Src/main.c:1786:13:MX_TIM2_Init	3
../Core/Src/main.c:1835:13:MX_TIM3_Init	3
../Core/Src/main.c:1884:13:MX_TIM4_Init	7
../Core/Src/main.c:1947:13:MX_TIM8_Init	6
../Core/Src/main.c:2006:13:MX_TIM9_Init	6
../Core/Src/main.c:2062:13:MX_TIM12_Init	5
../Core/Src/main.c:2114:13:MX_USART2_UART_Init	2
../Core/Src/main.c:2147:13:MX_USART3_UART_Init	2
../Core/Src/main.c:2178:13:MX_DMA_Init	1
../Core/Src/main.c:2196:13:MX_GPIO_Init	1
../Core/Src/main.c:2273:6:HCSR04_Trigger	1
../Core/Src/main.c:2282:20:HCSR04_Trigger_10us	1
../Core/Src/main.c:2291:24:median3_u32	1
../Core/Src/main.c:2298:6:HAL_TIM_IC_CaptureCallback	6
../Core/Src/main.c:2412:6:HAL_UART_RxCpltCallback	24
../Core/Src/main.c:2453:6:HAL_ADC_ConvCpltCallback	2
../Core/Src/main.c:2484:6:ledTask	1
../Core/Src/main.c:2508:6:oledTask	6
../Core/Src/main.c:2588:6:motorTask	125
../Core/Src/main.c:3557:6:encoderTask	8
../Core/Src/main.c:3663:6:gyroTask	7
../Core/Src/main.c:3806:6:ultrasoundTask	2
../Core/Src/main.c:3837:6:irTask	1
../Core/Src/main.c:3884:6:Error_Handler	1
