../Core/Src/main.c:150:19:cmdq_empty	4	static
../Core/Src/main.c:153:12:cmdq_push	24	static
../Core/Src/main.c:163:12:cmdq_pop	24	static
../Core/Src/main.c:177:20:cmdq_clear	4	static,ignoring_inline_asm
../Core/Src/main.c:187:6:HAL_UART_TxCpltCallback	16	static
../Core/Src/main.c:193:13:send_ack	8	static
../Core/Src/main.c:204:13:send_ack_one_cmd	8	static
../Core/Src/main.c:490:20:delay_us	24	static,ignoring_inline_asm
../Core/Src/main.c:500:6:DWT_Delay_Init	4	static
../Core/Src/main.c:526:20:motor_brake	4	static
../Core/Src/main.c:535:20:left_forward_duty	16	static
../Core/Src/main.c:540:20:right_forward_duty	16	static
../Core/Src/main.c:556:20:left_reverse_duty	16	static
../Core/Src/main.c:562:20:right_reverse_duty	16	static
../Core/Src/main.c:571:20:set_servo_center	4	static
../Core/Src/main.c:572:20:set_servo_right	4	static
../Core/Src/main.c:573:20:set_servo_reverse_right	4	static
../Core/Src/main.c:574:20:set_servo_left	4	static
../Core/Src/main.c:575:20:set_servo_reverse_left	4	static
../Core/Src/main.c:576:20:set_servo_center_afterleft	4	static
../Core/Src/main.c:582:20:set_servo_center_afterright	4	static
../Core/Src/main.c:588:19:clamp_pwm_compare	16	static
../Core/Src/main.c:597:20:is_turn_command	16	static
../Core/Src/main.c:605:20:is_reverse_turn_command	16	static
../Core/Src/main.c:610:20:is_right_steer_turn	16	static
../Core/Src/main.c:619:21:turn_yaw_direction	16	static
../Core/Src/main.c:624:13:set_turn_servo_for_command	16	static
../Core/Src/main.c:636:13:center_servo_after_turn	16	static
../Core/Src/main.c:644:13:reset_turn_controller	8	static
../Core/Src/main.c:660:13:stop_turn_controller	4	static
../Core/Src/main.c:674:12:pwm_compare_from_effort	24	static
../Core/Src/main.c:680:13:drive_turn_wheels	32	static
../Core/Src/main.c:716:13:finish_turn_command	24	static
../Core/Src/main.c:782:13:manual_publish_line	24	static
../Core/Src/main.c:792:13:manual_queue_reply	16	static
../Core/Src/main.c:797:13:manual_flush_reply	8	static
../Core/Src/main.c:810:13:manual_recenter	8	static
../Core/Src/main.c:818:13:manual_exit	16	static,ignoring_inline_asm
../Core/Src/main.c:837:13:manual_begin_mode	24	static
../Core/Src/main.c:873:12:manual_apply_output	72	static
../Core/Src/main.c:967:12:manual_service	272	static,ignoring_inline_asm
../Core/Src/main.c:1034:20:uart_cmd_to_string	4	static
../Core/Src/main.c:1062:13:parse_and_enqueue_script	56	static
../Core/Src/main.c:1178:20:telemetry_name_for_cmd	16	static
../Core/Src/main.c:1233:12:start_next_from_queue	40	static
../Core/Src/main.c:1498:7:Voltage_To_Distance_CM	24	static
../Core/Src/main.c:1512:5:main	216	static
../Core/Src/main.c:1649:6:SystemClock_Config	88	static
../Core/Src/main.c:1691:13:MX_ADC1_Init	24	static
../Core/Src/main.c:1752:13:MX_I2C2_Init	8	static
../Core/Src/main.c:1786:13:MX_TIM2_Init	56	static
../Core/Src/main.c:1835:13:MX_TIM3_Init	56	static
../Core/Src/main.c:1884:13:MX_TIM4_Init	64	static
../Core/Src/main.c:1947:13:MX_TIM8_Init	48	static
../Core/Src/main.c:2006:13:MX_TIM9_Init	56	static
../Core/Src/main.c:2062:13:MX_TIM12_Init	56	static
../Core/Src/main.c:2114:13:MX_USART2_UART_Init	8	static
../Core/Src/main.c:2147:13:MX_USART3_UART_Init	8	static
../Core/Src/main.c:2178:13:MX_DMA_Init	16	static
../Core/Src/main.c:2196:13:MX_GPIO_Init	48	static
../Core/Src/main.c:2273:6:HCSR04_Trigger	8	static
../Core/Src/main.c:2282:20:HCSR04_Trigger_10us	8	static
../Core/Src/main.c:2291:24:median3_u32	32	static
../Core/Src/main.c:2298:6:HAL_TIM_IC_CaptureCallback	24	static
../Core/Src/main.c:2412:6:HAL_UART_RxCpltCallback	24	static
../Core/Src/main.c:2453:6:HAL_ADC_ConvCpltCallback	24	static
../Core/Src/main.c:2484:6:ledTask	24	static
../Core/Src/main.c:2508:6:oledTask	64	static
../Core/Src/main.c:2588:6:motorTask	624	static,ignoring_inline_asm
../Core/Src/main.c:3557:6:encoderTask	88	static
../Core/Src/main.c:3663:6:gyroTask	48	static
../Core/Src/main.c:3806:6:ultrasoundTask	16	static
../Core/Src/main.c:3837:6:irTask	40	static
../Core/Src/main.c:3884:6:Error_Handler	4	static,ignoring_inline_asm
