../Core/Src/main.c:144:19:cmdq_empty	4	static
../Core/Src/main.c:147:12:cmdq_push	24	static
../Core/Src/main.c:157:12:cmdq_pop	24	static
../Core/Src/main.c:171:20:cmdq_clear	4	static,ignoring_inline_asm
../Core/Src/main.c:181:6:HAL_UART_TxCpltCallback	16	static
../Core/Src/main.c:187:13:send_ack	8	static
../Core/Src/main.c:198:13:send_ack_one_cmd	8	static
../Core/Src/main.c:453:20:icm_read	32	static
../Core/Src/main.c:472:10:icm_read_gz_raw	16	static
../Core/Src/main.c:480:6:readByte	24	static
../Core/Src/main.c:487:6:writeByte	24	static
../Core/Src/main.c:494:6:gyroInit	8	static
../Core/Src/main.c:525:20:delay_us	24	static,ignoring_inline_asm
../Core/Src/main.c:535:6:DWT_Delay_Init	4	static
../Core/Src/main.c:561:20:motor_brake	4	static
../Core/Src/main.c:570:20:left_forward_duty	16	static
../Core/Src/main.c:575:20:right_forward_duty	16	static
../Core/Src/main.c:591:20:left_reverse_duty	16	static
../Core/Src/main.c:597:20:right_reverse_duty	16	static
../Core/Src/main.c:606:20:set_servo_center	4	static
../Core/Src/main.c:607:20:set_servo_right	4	static
../Core/Src/main.c:608:20:set_servo_reverse_right	4	static
../Core/Src/main.c:609:20:set_servo_left	4	static
../Core/Src/main.c:610:20:set_servo_reverse_left	4	static
../Core/Src/main.c:611:20:set_servo_center_afterleft	4	static
../Core/Src/main.c:617:20:set_servo_center_afterright	4	static
../Core/Src/main.c:623:19:clamp_pwm_compare	16	static
../Core/Src/main.c:632:20:is_turn_command	16	static
../Core/Src/main.c:640:20:is_reverse_turn_command	16	static
../Core/Src/main.c:645:20:is_right_steer_turn	16	static
../Core/Src/main.c:654:21:turn_yaw_direction	16	static
../Core/Src/main.c:659:13:set_turn_servo_for_command	16	static
../Core/Src/main.c:671:13:center_servo_after_turn	16	static
../Core/Src/main.c:679:13:reset_turn_controller	8	static
../Core/Src/main.c:695:13:stop_turn_controller	4	static
../Core/Src/main.c:709:12:pwm_compare_from_effort	24	static
../Core/Src/main.c:715:13:drive_turn_wheels	32	static
../Core/Src/main.c:751:13:finish_turn_command	24	static
../Core/Src/main.c:789:20:uart_cmd_to_string	4	static
../Core/Src/main.c:815:13:parse_and_enqueue_script	56	static
../Core/Src/main.c:931:20:telemetry_name_for_cmd	16	static
../Core/Src/main.c:986:12:start_next_from_queue	40	static
../Core/Src/main.c:1250:7:Voltage_To_Distance_CM	24	static
../Core/Src/main.c:1264:5:main	216	static
../Core/Src/main.c:1382:6:SystemClock_Config	88	static
../Core/Src/main.c:1424:13:MX_ADC1_Init	24	static
../Core/Src/main.c:1485:13:MX_I2C2_Init	8	static
../Core/Src/main.c:1519:13:MX_TIM2_Init	56	static
../Core/Src/main.c:1568:13:MX_TIM3_Init	56	static
../Core/Src/main.c:1617:13:MX_TIM4_Init	64	static
../Core/Src/main.c:1680:13:MX_TIM8_Init	48	static
../Core/Src/main.c:1739:13:MX_TIM9_Init	56	static
../Core/Src/main.c:1795:13:MX_TIM12_Init	56	static
../Core/Src/main.c:1847:13:MX_USART2_UART_Init	8	static
../Core/Src/main.c:1880:13:MX_USART3_UART_Init	8	static
../Core/Src/main.c:1911:13:MX_DMA_Init	16	static
../Core/Src/main.c:1929:13:MX_GPIO_Init	48	static
../Core/Src/main.c:2006:6:HCSR04_Trigger	8	static
../Core/Src/main.c:2015:20:HCSR04_Trigger_10us	8	static
../Core/Src/main.c:2024:24:median3_u32	32	static
../Core/Src/main.c:2031:6:HAL_TIM_IC_CaptureCallback	24	static
../Core/Src/main.c:2110:6:HAL_UART_RxCpltCallback	24	static
../Core/Src/main.c:2171:6:HAL_ADC_ConvCpltCallback	24	static
../Core/Src/main.c:2202:6:ledTask	24	static
../Core/Src/main.c:2226:6:oledTask	64	static
../Core/Src/main.c:2295:6:motorTask	328	static
../Core/Src/main.c:3096:6:encoderTask	72	static
../Core/Src/main.c:3178:6:gyroTask	56	static
../Core/Src/main.c:3292:6:ultrasoundTask	16	static
../Core/Src/main.c:3323:6:irTask	40	static
../Core/Src/main.c:3370:6:Error_Handler	4	static,ignoring_inline_asm
