Archive member included to satisfy reference by file (symbol)

E:/STM32CubeIDE_2.2.0/STM32CubeIDE/plugins/com.st.stm32cube.ide.mcu.externaltools.gnu-tools-for-stm32.14.3.rel1.win32_1.0.100.202602081740/tools/bin/../lib/gcc/arm-none-eabi/14.3.1/../../../../arm-none-eabi/lib/thumb/v7e-m+fp/hard\libc_nano.a(libc_a-atoi.o)
                              ./Core/Src/main.o (atoi)
E:/STM32CubeIDE_2.2.0/STM32CubeIDE/plugins/com.st.stm32cube.ide.mcu.externaltools.gnu-tools-for-stm32.14.3.rel1.win32_1.0.100.202602081740/tools/bin/../lib/gcc/arm-none-eabi/14.3.1/../../../../arm-none-eabi/lib/thumb/v7e-m+fp/hard\libc_nano.a(libc_a-exit.o)
                              E:/STM32CubeIDE_2.2.0/STM32CubeIDE/plugins/com.st.stm32cube.ide.mcu.externaltools.gnu-tools-for-stm32.14.3.rel1.win32_1.0.100.202602081740/tools/bin/../lib/gcc/arm-none-eabi/14.3.1/../../../../arm-none-eabi/lib/thumb/v7e-m+fp/hard/crt0.o (exit)
E:/STM32CubeIDE_2.2.0/STM32CubeIDE/plugins/com.st.stm32cube.ide.mcu.externaltools.gnu-tools-for-stm32.14.3.rel1.win32_1.0.100.202602081740/tools/bin/../lib/gcc/arm-none-eabi/14.3.1/../../../../arm-none-eabi/lib/thumb/v7e-m+fp/hard\libc_nano.a(libc_a-strtol.o)
                              E:/STM32CubeIDE_2.2.0/STM32CubeIDE/plugins/com.st.stm32cube.ide.mcu.externaltools.gnu-tools-for-stm32.14.3.rel1.win32_1.0.100.202602081740/tools/bin/../lib/gcc/arm-none-eabi/14.3.1/../../../../arm-none-eabi/lib/thumb/v7e-m+fp/hard\libc_nano.a(libc_a-atoi.o) (_strtol_r)
E:/STM32CubeIDE_2.2.0/STM32CubeIDE/plugins/com.st.stm32cube.ide.mcu.externaltools.gnu-tools-for-stm32.14.3.rel1.win32_1.0.100.202602081740/tools/bin/../lib/gcc/arm-none-eabi/14.3.1/../../../../arm-none-eabi/lib/thumb/v7e-m+fp/hard\libc_nano.a(libc_a-ctype_.o)
                              E:/STM32CubeIDE_2.2.0/STM32CubeIDE/plugins/com.st.stm32cube.ide.mcu.externaltools.gnu-tools-for-stm32.14.3.rel1.win32_1.0.100.202602081740/tools/bin/../lib/gcc/arm-none-eabi/14.3.1/../../../../arm-none-eabi/lib/thumb/v7e-m+fp/hard\libc_nano.a(libc_a-strtol.o) (_ctype_)
E:/STM32CubeIDE_2.2.0/STM32CubeIDE/plugins/com.st.stm32cube.ide.mcu.externaltools.gnu-tools-for-stm32.14.3.rel1.win32_1.0.100.202602081740/tools/bin/../lib/gcc/arm-none-eabi/14.3.1/../../../../arm-none-eabi/lib/thumb/v7e-m+fp/hard\libc_nano.a(libc_a-nano-vfprintf_float.o)
                              (_printf_float)
E:/STM32CubeIDE_2.2.0/STM32CubeIDE/plugins/com.st.stm32cube.ide.mcu.externaltools.gnu-tools-for-stm32.14.3.rel1.win32_1.0.100.202602081740/tools/bin/../lib/gcc/arm-none-eabi/14.3.1/../../../../arm-none-eabi/lib/thumb/v7e-m+fp/hard\libc_nano.a(libc_a-nano-vfprintf_i.o)
                              E:/STM32CubeIDE_2.2.0/STM32CubeIDE/plugins/com.st.stm32cube.ide.mcu.externaltools.gnu-tools-for-stm32.14.3.rel1.win32_1.0.100.202602081740/tools/bin/../lib/gcc/arm-none-eabi/14.3.1/../../../../arm-none-eabi/lib/thumb/v7e-m+fp/hard\libc_nano.a(libc_a-nano-vfprintf_float.o) (_printf_common)
E:/STM32CubeIDE_2.2.0/STM32CubeIDE/plugins/com.st.stm32cube.ide.mcu.externaltools.gnu-tools-for-stm32.14.3.rel1.win32_1.0.100.202602081740/tools/bin/../lib/gcc/arm-none-eabi/14.3.1/../../../../arm-none-eabi/lib/thumb/v7e-m+fp/hard\libc_nano.a(libc_a-findfp.o)
                              E:/STM32CubeIDE_2.2.0/STM32CubeIDE/plugins/com.st.stm32cube.ide.mcu.externaltools.gnu-tools-for-stm32.14.3.rel1.win32_1.0.100.202602081740/tools/bin/../lib/gcc/arm-none-eabi/14.3.1/../../../../arm-none-eabi/lib/thumb/v7e-m+fp/hard\libc_nano.a(libc_a-exit.o) (__stdio_exit_handler)
E:/STM32CubeIDE_2.2.0/STM32CubeIDE/plugins/com.st.stm32cube.ide.mcu.externaltools.gnu-tools-for-stm32.14.3.rel1.win32_1.0.100.202602081740/tools/bin/../lib/gcc/arm-none-eabi/14.3.1/../../../../arm-none-eabi/lib/thumb/v7e-m+fp/hard\libc_nano.a(libc_a-fwalk.o)
                              E:/STM32CubeIDE_2.2.0/STM32CubeIDE/plugins/com.st.stm32cube.ide.mcu.externaltools.gnu-tools-for-stm32.14.3.rel1.win32_1.0.100.202602081740/tools/bin/../lib/gcc/arm-none-eabi/14.3.1/../../../../arm-none-eabi/lib/thumb/v7e-m+fp/hard\libc_nano.a(libc_a-findfp.o) (_fwalk_sglue)
E:/STM32CubeIDE_2.2.0/STM32CubeIDE/plugins/com.st.stm32cube.ide.mcu.externaltools.gnu-tools-for-stm32.14.3.rel1.win32_1.0.100.202602081740/tools/bin/../lib/gcc/arm-none-eabi/14.3.1/../../../../arm-none-eabi/lib/thumb/v7e-m+fp/hard\libc_nano.a(libc_a-snprintf.o)
                              ./Core/Src/main.o (snprintf)
E:/STM32CubeIDE_2.2.0/STM32CubeIDE/plugins/com.st.stm32cube.ide.mcu.externaltools.gnu-tools-for-stm32.14.3.rel1.win32_1.0.100.202602081740/tools/bin/../lib/gcc/arm-none-eabi/14.3.1/../../../../arm-none-eabi/lib/thumb/v7e-m+fp/hard\libc_nano.a(libc_a-stdio.o)
                              E:/STM32CubeIDE_2.2.0/STM32CubeIDE/plugins/com.st.stm32cube.ide.mcu.externaltools.gnu-tools-for-stm32.14.3.rel1.win32_1.0.100.202602081740/tools/bin/../lib/gcc/arm-none-eabi/14.3.1/../../../../arm-none-eabi/lib/thumb/v7e-m+fp/hard\libc_nano.a(libc_a-findfp.o) (__sread)
[...]
Memory Configuration

Name             Origin             Length             Attributes
CCMRAM           0x10000000         0x00010000         xrw
RAM              0x20000000         0x00020000         xrw
FLASH            0x08000000         0x00080000         xr
*default*        0x00000000         0xffffffff

Linker script and memory map

LOAD E:/STM32CubeIDE_2.2.0/STM32CubeIDE/plugins/com.st.stm32cube.ide.mcu.externaltools.gnu-tools-for-stm32.14.3.rel1.win32_1.0.100.202602081740/tools/bin/../lib/gcc/arm-none-eabi/14.3.1/thumb/v7e-m+fp/hard/crti.o
LOAD E:/STM32CubeIDE_2.2.0/STM32CubeIDE/plugins/com.st.stm32cube.ide.mcu.externaltools.gnu-tools-for-stm32.14.3.rel1.win32_1.0.100.202602081740/tools/bin/../lib/gcc/arm-none-eabi/14.3.1/thumb/v7e-m+fp/hard/crtbegin.o
LOAD E:/STM32CubeIDE_2.2.0/STM32CubeIDE/plugins/com.st.stm32cube.ide.mcu.externaltools.gnu-tools-for-stm32.14.3.rel1.win32_1.0.100.202602081740/tools/bin/../lib/gcc/arm-none-eabi/14.3.1/../../../../arm-none-eabi/lib/thumb/v7e-m+fp/hard/crt0.o
LOAD ./Core/Src/freertos.o
LOAD ./Core/Src/gyro_safe.o
LOAD ./Core/Src/main.o
LOAD ./Core/Src/manual_control.o
LOAD ./Core/Src/stm32f4xx_hal_msp.o
LOAD ./Core/Src/stm32f4xx_it.o
LOAD ./Core/Src/syscalls.o
LOAD ./Core/Src/sysmem.o
LOAD ./Core/Src/system_stm32f4xx.o
LOAD ./Core/Src/telemetry.o
LOAD ./Core/Startup/startup_stm32f407vetx.o
LOAD ./Drivers/PeripheralDriver/Src/oled.o
LOAD ./Drivers/STM32F4xx_HAL_Driver/Src/stm32f4xx_hal.o
LOAD ./Drivers/STM32F4xx_HAL_Driver/Src/stm32f4xx_hal_adc.o
LOAD ./Drivers/STM32F4xx_HAL_Driver/Src/stm32f4xx_hal_adc_ex.o
LOAD ./Drivers/STM32F4xx_HAL_Driver/Src/stm32f4xx_hal_cortex.o
LOAD ./Drivers/STM32F4xx_HAL_Driver/Src/stm32f4xx_hal_dma.o
LOAD ./Drivers/STM32F4xx_HAL_Driver/Src/stm32f4xx_hal_dma_ex.o
LOAD ./Drivers/STM32F4xx_HAL_Driver/Src/stm32f4xx_hal_exti.o
LOAD ./Drivers/STM32F4xx_HAL_Driver/Src/stm32f4xx_hal_flash.o
LOAD ./Drivers/STM32F4xx_HAL_Driver/Src/stm32f4xx_hal_flash_ex.o
LOAD ./Drivers/STM32F4xx_HAL_Driver/Src/stm32f4xx_hal_flash_ramfunc.o
LOAD ./Drivers/STM32F4xx_HAL_Driver/Src/stm32f4xx_hal_gpio.o
LOAD ./Drivers/STM32F4xx_HAL_Driver/Src/stm32f4xx_hal_i2c.o
LOAD ./Drivers/STM32F4xx_HAL_Driver/Src/stm32f4xx_hal_i2c_ex.o
LOAD ./Drivers/STM32F4xx_HAL_Driver/Src/stm32f4xx_hal_pwr.o
LOAD ./Drivers/STM32F4xx_HAL_Driver/Src/stm32f4xx_hal_pwr_ex.o
LOAD ./Drivers/STM32F4xx_HAL_Driver/Src/stm32f4xx_hal_rcc.o
LOAD ./Drivers/STM32F4xx_HAL_Driver/Src/stm32f4xx_hal_rcc_ex.o
LOAD ./Drivers/STM32F4xx_HAL_Driver/Src/stm32f4xx_hal_tim.o
LOAD ./Drivers/STM32F4xx_HAL_Driver/Src/stm32f4xx_hal_tim_ex.o
LOAD ./Drivers/STM32F4xx_HAL_Driver/Src/stm32f4xx_hal_uart.o
LOAD ./Drivers/STM32F4xx_HAL_Driver/Src/stm32f4xx_ll_adc.o
LOAD ./Middlewares/Third_Party/FreeRTOS/Source/CMSIS_RTOS/cmsis_os.o
LOAD ./Middlewares/Third_Party/FreeRTOS/Source/croutine.o
LOAD ./Middlewares/Third_Party/FreeRTOS/Source/event_groups.o
LOAD ./Middlewares/Third_Party/FreeRTOS/Source/list.o
LOAD ./Middlewares/Third_Party/FreeRTOS/Source/queue.o
LOAD ./Middlewares/Third_Party/FreeRTOS/Source/stream_buffer.o
LOAD ./Middlewares/Third_Party/FreeRTOS/Source/tasks.o
LOAD ./Middlewares/Third_Party/FreeRTOS/Source/timers.o
LOAD ./Middlewares/Third_Party/FreeRTOS/Source/portable/GCC/ARM_CM4F/port.o
LOAD ./Middlewares/Third_Party/FreeRTOS/Source/portable/MemMang/heap_4.o
START GROUP
LOAD E:/STM32CubeIDE_2.2.0/STM32CubeIDE/plugins/com.st.stm32cube.ide.mcu.externaltools.gnu-tools-for-stm32.14.3.rel1.win32_1.0.100.202602081740/tools/bin/../lib/gcc/arm-none-eabi/14.3.1/../../../../arm-none-eabi/lib/thumb/v7e-m+fp/hard\libc_nano.a
LOAD E:/STM32CubeIDE_2.2.0/STM32CubeIDE/plugins/com.st.stm32cube.ide.mcu.externaltools.gnu-tools-for-stm32.14.3.rel1.win32_1.0.100.202602081740/tools/bin/../lib/gcc/arm-none-eabi/14.3.1/../../../../arm-none-eabi/lib/thumb/v7e-m+fp/hard\libm.a
END GROUP
START GROUP
LOAD E:/STM32CubeIDE_2.2.0/STM32CubeIDE/plugins/com.st.stm32cube.ide.mcu.externaltools.gnu-tools-for-stm32.14.3.rel1.win32_1.0.100.202602081740/tools/bin/../lib/gcc/arm-none-eabi/14.3.1/thumb/v7e-m+fp/hard\libgcc.a
LOAD E:/STM32CubeIDE_2.2.0/STM32CubeIDE/plugins/com.st.stm32cube.ide.mcu.externaltools.gnu-tools-for-stm32.14.3.rel1.win32_1.0.100.202602081740/tools/bin/../lib/gcc/arm-none-eabi/14.3.1/../../../../arm-none-eabi/lib/thumb/v7e-m+fp/hard\libc_nano.a
END GROUP
START GROUP
LOAD E:/STM32CubeIDE_2.2.0/STM32CubeIDE/plugins/com.st.stm32cube.ide.mcu.externaltools.gnu-tools-for-stm32.14.3.rel1.win32_1.0.100.202602081740/tools/bin/../lib/gcc/arm-none-eabi/14.3.1/thumb/v7e-m+fp/hard\libgcc.a
LOAD E:/STM32CubeIDE_2.2.0/STM32CubeIDE/plugins/com.st.stm32cube.ide.mcu.externaltools.gnu-tools-for-stm32.14.3.rel1.win32_1.0.100.202602081740/tools/bin/../lib/gcc/arm-none-eabi/14.3.1/../../../../arm-none-eabi/lib/thumb/v7e-m+fp/hard\libc_nano.a
LOAD E:/STM32CubeIDE_2.2.0/STM32CubeIDE/plugins/com.st.stm32cube.ide.mcu.externaltools.gnu-tools-for-stm32.14.3.rel1.win32_1.0.100.202602081740/tools/bin/../lib/gcc/arm-none-eabi/14.3.1/../../../../arm-none-eabi/lib/thumb/v7e-m+fp/hard\libnosys.a
END GROUP
START GROUP
LOAD E:/STM32CubeIDE_2.2.0/STM32CubeIDE/plugins/com.st.stm32cube.ide.mcu.externaltools.gnu-tools-for-stm32.14.3.rel1.win32_1.0.100.202602081740/tools/bin/../lib/gcc/arm-none-eabi/14.3.1/thumb/v7e-m+fp/hard\libgcc.a
LOAD E:/STM32CubeIDE_2.2.0/STM32CubeIDE/plugins/com.st.stm32cube.ide.mcu.externaltools.gnu-tools-for-stm32.14.3.rel1.win32_1.0.100.202602081740/tools/bin/../lib/gcc/arm-none-eabi/14.3.1/../../../../arm-none-eabi/lib/thumb/v7e-m+fp/hard\libc_nano.a
LOAD E:/STM32CubeIDE_2.2.0/STM32CubeIDE/plugins/com.st.stm32cube.ide.mcu.externaltools.gnu-tools-for-stm32.14.3.rel1.win32_1.0.100.202602081740/tools/bin/../lib/gcc/arm-none-eabi/14.3.1/../../../../arm-none-eabi/lib/thumb/v7e-m+fp/hard\libnosys.a
END GROUP
LOAD E:/STM32CubeIDE_2.2.0/STM32CubeIDE/plugins/com.st.stm32cube.ide.mcu.externaltools.gnu-tools-for-stm32.14.3.rel1.win32_1.0.100.202602081740/tools/bin/../lib/gcc/arm-none-eabi/14.3.1/thumb/v7e-m+fp/hard/crtend.o
LOAD E:/STM32CubeIDE_2.2.0/STM32CubeIDE/plugins/com.st.stm32cube.ide.mcu.externaltools.gnu-tools-for-stm32.14.3.rel1.win32_1.0.100.202602081740/tools/bin/../lib/gcc/arm-none-eabi/14.3.1/thumb/v7e-m+fp/hard/crtn.o
                0x20020000                        _estack = (ORIGIN (RAM) + LENGTH (RAM))
                0x00000200                        _Min_Heap_Size = 0x200
                0x00000400                        _Min_Stack_Size = 0x400

.isr_vector     0x08000000      0x188
                0x08000000                        . = ALIGN (0x4)
 *(.isr_vector)
 .isr_vector    0x08000000      0x188 ./Core/Startup/startup_stm32f407vetx.o
                0x08000000                g_pfnVectors
                0x08000188                        . = ALIGN (0x4)

.text           0x08000190    0x12274
                0x08000190                        . = ALIGN (0x4)
 *(.text)
 .text          0x08000190       0x40 E:/STM32CubeIDE_2.2.0/STM32CubeIDE/plugins/com.st.stm32cube.ide.mcu.externaltools.gnu-tools-for-stm32.14.3.rel1.win32_1.0.100.202602081740/tools/bin/../lib/gcc/arm-none-eabi/14.3.1/thumb/v7e-m+fp/hard/crtbegin.o
 .text          0x080001d0       0x14 E:/STM32CubeIDE_2.2.0/STM32CubeIDE/plugins/com.st.stm32cube.ide.mcu.externaltools.gnu-tools-for-stm32.14.3.rel1.win32_1.0.100.202602081740/tools/bin/../lib/gcc/arm-none-eabi/14.3.1/../../../../arm-none-eabi/lib/thumb/v7e-m+fp/hard\libc_nano.a(libc_a-strcmp.o)
                0x080001d0                strcmp
 *fill*         0x080001e4        0xc 
 .text          0x080001f0       0xa0 E:/STM32CubeIDE_2.2.0/STM32CubeIDE/plugins/com.st.stm32cube.ide.mcu.externaltools.gnu-tools-for-stm32.14.3.rel1.win32_1.0.100.202602081740/tools/bin/../lib/gcc/arm-none-eabi/14.3.1/../../../../arm-none-eabi/lib/thumb/v7e-m+fp/hard\libc_nano.a(libc_a-memchr.o)
                0x080001f0                memchr
 .text          0x08000290       0x10 E:/STM32CubeIDE_2.2.0/STM32CubeIDE/plugins/com.st.stm32cube.ide.mcu.externaltools.gnu-tools-for-stm32.14.3.rel1.win32_1.0.100.202602081740/tools/bin/../lib/gcc/arm-none-eabi/14.3.1/../../../../arm-none-eabi/lib/thumb/v7e-m+fp/hard\libc_nano.a(libc_a-strlen.o)
                0x08000290                strlen
 .text          0x080002a0      0x378 E:/STM32CubeIDE_2.2.0/STM32CubeIDE/plugins/com.st.stm32cube.ide.mcu.externaltools.gnu-tools-for-stm32.14.3.rel1.win32_1.0.100.202602081740/tools/bin/../lib/gcc/arm-none-eabi/14.3.1/thumb/v7e-m+fp/hard\libgcc.a(_arm_addsubdf3.o)
                0x080002a0                __aeabi_drsub
                0x080002a8                __aeabi_dsub
                0x080002a8                __subdf3
                0x080002ac                __aeabi_dadd
                0x080002ac                __adddf3
                0x08000524                __floatunsidf
                0x08000524                __aeabi_ui2d
                0x08000544                __floatsidf
                0x08000544                __aeabi_i2d
                0x08000568                __aeabi_f2d
                0x08000568                __extendsfdf2
                0x080005ac                __floatundidf
                0x080005ac                __aeabi_ul2d
                0x080005bc                __floatdidf
                0x080005bc                __aeabi_l2d
 .text          0x08000618      0x424 E:/STM32CubeIDE_2.2.0/STM32CubeIDE/plugins/com.st.stm32cube.ide.mcu.externaltools.gnu-tools-for-stm32.14.3.rel1.win32_1.0.100.202602081740/tools/bin/../lib/gcc/arm-none-eabi/14.3.1/thumb/v7e-m+fp/hard\libgcc.a(_arm_muldivdf3.o)
                0x08000618                __aeabi_dmul
                0x08000618                __muldf3
                0x0800086c                __divdf3
                0x0800086c                __aeabi_ddiv
 .text          0x08000a3c      0x110 E:/STM32CubeIDE_2.2.0/STM32CubeIDE/plugins/com.st.stm32cube.ide.mcu.externaltools.gnu-tools-for-stm32.14.3.rel1.win32_1.0.100.202602081740/tools/bin/../lib/gcc/arm-none-eabi/14.3.1/thumb/v7e-m+fp/hard\libgcc.a(_arm_cmpdf2.o)
                0x08000a3c                __gtdf2
                0x08000a3c                __gedf2
                0x08000a44                __ltdf2
                0x08000a44                __ledf2
                0x08000a4c                __nedf2
                0x08000a4c                __eqdf2
                0x08000a4c                __cmpdf2
                0x08000ac8                __aeabi_cdrcmple
                0x08000ad8                __aeabi_cdcmpeq
                0x08000ad8                __aeabi_cdcmple
                0x08000ae8                __aeabi_dcmpeq
                0x08000afc                __aeabi_dcmplt
                0x08000b10                __aeabi_dcmple
                0x08000b24                __aeabi_dcmpge
                0x08000b38                __aeabi_dcmpgt
 .text          0x08000b4c       0x2c E:/STM32CubeIDE_2.2.0/STM32CubeIDE/plugins/com.st.stm32cube.ide.mcu.externaltools.gnu-tools-for-stm32.14.3.rel1.win32_1.0.100.202602081740/tools/bin/../lib/gcc/arm-none-eabi/14.3.1/thumb/v7e-m+fp/hard\libgcc.a(_arm_unorddf2.o)
                0x08000b4c                __unorddf2
                0x08000b4c                __aeabi_dcmpun
 .text          0x08000b78       0x50 E:/STM32CubeIDE_2.2.0/STM32CubeIDE/plugins/com.st.stm32cube.ide.mcu.externaltools.gnu-tools-for-stm32.14.3.rel1.win32_1.0.100.202602081740/tools/bin/../lib/gcc/arm-none-eabi/14.3.1/thumb/v7e-m+fp/hard\libgcc.a(_arm_fixdfsi.o)
                0x08000b78                __aeabi_d2iz
                0x08000b78                __fixdfsi
 .text          0x08000bc8       0xa0 E:/STM32CubeIDE_2.2.0/STM32CubeIDE/plugins/com.st.stm32cube.ide.mcu.externaltools.gnu-tools-for-stm32.14.3.rel1.win32_1.0.100.202602081740/tools/bin/../lib/gcc/arm-none-eabi/14.3.1/thumb/v7e-m+fp/hard\libgcc.a(_arm_truncdfsf2.o)
                0x08000bc8                __truncdfsf2
                0x08000bc8                __aeabi_d2f
 .text          0x08000c68      0x21c E:/STM32CubeIDE_2.2.0/STM32CubeIDE/plugins/com.st.stm32cube.ide.mcu.externaltools.gnu-tools-for-stm32.14.3.rel1.win32_1.0.100.202602081740/tools/bin/../lib/gcc/arm-none-eabi/14.3.1/thumb/v7e-m+fp/hard\libgcc.a(_arm_addsubsf3.o)
                0x08000c68                __aeabi_frsub
                0x08000c70                __subsf3
                0x08000c70                __aeabi_fsub
                0x08000c74                __aeabi_fadd
                0x08000c74                __addsf3
                0x08000dd4                __aeabi_ui2f
                0x08000dd4                __floatunsisf
                0x08000ddc                __aeabi_i2f
                0x08000ddc                __floatsisf
                0x08000df8                __aeabi_ul2f
                0x08000df8                __floatundisf
                0x08000e08                __aeabi_l2f
                0x08000e08                __floatdisf
 .text          0x08000e84       0x30 E:/STM32CubeIDE_2.2.0/STM32CubeIDE/plugins/com.st.stm32cube.ide.mcu.externaltools.gnu-tools-for-stm32.14.3.rel1.win32_1.0.100.202602081740/tools/bin/../lib/gcc/arm-none-eabi/14.3.1/thumb/v7e-m+fp/hard\libgcc.a(_aeabi_uldivmod.o)
                0x08000e84                __aeabi_uldivmod
 .text          0x08000eb4      0x2f8 E:/STM32CubeIDE_2.2.0/STM32CubeIDE/plugins/com.st.stm32cube.ide.mcu.externaltools.gnu-tools-for-stm32.14.3.rel1.win32_1.0.100.202602081740/tools/bin/../lib/gcc/arm-none-eabi/14.3.1/thumb/v7e-m+fp/hard\libgcc.a(_udivmoddi4.o)
                0x08000eb4                __udivmoddi4
 .text          0x080011ac        0x4 E:/STM32CubeIDE_2.2.0/STM32CubeIDE/plugins/com.st.stm32cube.ide.mcu.externaltools.gnu-tools-for-stm32.14.3.rel1.win32_1.0.100.202602081740/tools/bin/../lib/gcc/arm-none-eabi/14.3.1/thumb/v7e-m+fp/hard\libgcc.a(_dvmd_tls.o)
                0x080011ac                __aeabi_idiv0
                0x080011ac                __aeabi_ldiv0
 *(.text*)
 .text.vApplicationGetIdleTaskMemory
                0x080011b0       0x34 ./Core/Src/freertos.o
                0x080011b0                vApplicationGetIdleTaskMemory
 .text.write_reg
                0x080011e4       0x52 ./Core/Src/gyro_safe.o
 .text.read_regs
                0x08001236       0x62 ./Core/Src/gyro_safe.o
 .text.select_bank
                0x08001298       0x26 ./Core/Src/gyro_safe.o
 .text.read_raw_z
                0x080012be       0x4c ./Core/Src/gyro_safe.o
 .text.GyroSafe_Init
                0x0800130a      0x146 ./Core/Src/gyro_safe.o
                0x0800130a                GyroSafe_Init
 .text.GyroSafe_Recover
                0x08001450       0x48 ./Core/Src/gyro_safe.o
                0x08001450                GyroSafe_Recover
 .text.GyroSafe_Calibrate
                0x08001498       0xaa ./Core/Src/gyro_safe.o
                0x08001498                GyroSafe_Calibrate
 *fill*         0x08001542        0x2 
 .text.GyroSafe_ReadRateDps
                0x08001544       0x6c ./Core/Src/gyro_safe.o
                0x08001544                GyroSafe_ReadRateDps
 .text.cmdq_empty
                0x080015b0       0x2c ./Core/Src/main.o
 .text.cmdq_push
                0x080015dc       0x64 ./Core/Src/main.o
 .text.cmdq_pop
                0x08001640       0x54 ./Core/Src/main.o
 .text.cmdq_clear
                0x08001694       0x2c ./Core/Src/main.o
 .text.HAL_UART_TxCpltCallback
                0x080016c0       0x2c ./Core/Src/main.o
                0x080016c0                HAL_UART_TxCpltCallback
 .text.send_ack
                0x080016ec       0x34 ./Core/Src/main.o
 .text.delay_us
                0x08001720       0x50 ./Core/Src/main.o
 .text.DWT_Delay_Init
                0x08001770       0x30 ./Core/Src/main.o
                0x08001770                DWT_Delay_Init
 .text.motor_brake
                0x080017a0       0x40 ./Core/Src/main.o
 .text.left_forward_duty
                0x080017e0       0x2c ./Core/Src/main.o
 .text.right_forward_duty
                0x0800180c       0x2c ./Core/Src/main.o
 .text.left_reverse_duty
                0x08001838       0x2c ./Core/Src/main.o
 .text.right_reverse_duty
                0x08001864       0x2c ./Core/Src/main.o
 .text.set_servo_center
                0x08001890       0x20 ./Core/Src/main.o
 .text.set_servo_right
                0x080018b0       0x1c ./Core/Src/main.o
 .text.set_servo_reverse_right
                0x080018cc       0x1c ./Core/Src/main.o
 .text.set_servo_left
                0x080018e8       0x1c ./Core/Src/main.o
 .text.set_servo_reverse_left
                0x08001904       0x1c ./Core/Src/main.o
 .text.set_servo_center_afterleft
                0x08001920       0x28 ./Core/Src/main.o
 .text.set_servo_center_afterright
                0x08001948       0x28 ./Core/Src/main.o
 .text.clamp_pwm_compare
                0x08001970       0x2e ./Core/Src/main.o
 .text.is_turn_command
                0x0800199e       0x38 ./Core/Src/main.o
 .text.is_reverse_turn_command
                0x080019d6       0x2c ./Core/Src/main.o
 .text.is_right_steer_turn
                0x08001a02       0x2c ./Core/Src/main.o
 *fill*         0x08001a2e        0x2 
 .text.turn_yaw_direction
                0x08001a30       0x34 ./Core/Src/main.o
 .text.set_turn_servo_for_command
                0x08001a64       0x3e ./Core/Src/main.o
 .text.center_servo_after_turn
                0x08001aa2       0x26 ./Core/Src/main.o
 .text.reset_turn_controller
                0x08001ac8       0xb8 ./Core/Src/main.o
 .text.stop_turn_controller
                0x08001b80       0x70 ./Core/Src/main.o
 .text.pwm_compare_from_effort
                0x08001bf0       0x36 ./Core/Src/main.o
 *fill*         0x08001c26        0x2 
 .text.drive_turn_wheels
                0x08001c28       0x7c ./Core/Src/main.o
 .text.finish_turn_command
                0x08001ca4       0xf4 ./Core/Src/main.o
 .text.manual_publish_line
                0x08001d98       0x74 ./Core/Src/main.o
 .text.manual_queue_reply
                0x08001e0c       0x24 ./Core/Src/main.o
 .text.manual_flush_reply
                0x08001e30       0x6c ./Core/Src/main.o
 .text.manual_recenter
                0x08001e9c       0x34 ./Core/Src/main.o
 .text.manual_exit
                0x08001ed0       0x98 ./Core/Src/main.o
 .text.manual_begin_mode
                0x08001f68      0x120 ./Core/Src/main.o
 .text.manual_apply_output
                0x08002088      0x2c8 ./Core/Src/main.o
 .text.manual_service
                0x08002350      0x2a0 ./Core/Src/main.o
 .text.uart_cmd_to_string
                0x080025f0       0x94 ./Core/Src/main.o
 .text.parse_and_enqueue_script
                0x08002684      0x290 ./Core/Src/main.o
 .text.telemetry_name_for_cmd
                0x08002914       0xe0 ./Core/Src/main.o
 .text.start_next_from_queue
                0x080029f4      0x6f0 ./Core/Src/main.o
 .text.Voltage_To_Distance_CM
                0x080030e4       0x90 ./Core/Src/main.o
                0x080030e4                Voltage_To_Distance_CM
 .text.main     0x08003174      0x26c ./Core/Src/main.o
                0x08003174                main
 .text.SystemClock_Config
                0x080033e0       0xbc ./Core/Src/main.o
                0x080033e0                SystemClock_Config
 .text.MX_ADC1_Init
                0x0800349c       0xc0 ./Core/Src/main.o
 .text.MX_I2C2_Init
                0x0800355c       0x5c ./Core/Src/main.o
 .text.MX_TIM2_Init
                0x080035b8       0xa8 ./Core/Src/main.o
 .text.MX_TIM3_Init
                0x08003660       0xa8 ./Core/Src/main.o
 .text.MX_TIM4_Init
                0x08003708      0x104 ./Core/Src/main.o
 .text.MX_TIM8_Init
                0x0800380c       0xe8 ./Core/Src/main.o
 .text.MX_TIM9_Init
                0x080038f4       0xdc ./Core/Src/main.o
 .text.MX_TIM12_Init
                0x080039d0       0xc4 ./Core/Src/main.o
 .text.MX_USART2_UART_Init
                0x08003a94       0x54 ./Core/Src/main.o
 .text.MX_USART3_UART_Init
                0x08003ae8       0x54 ./Core/Src/main.o
 .text.MX_DMA_Init
                0x08003b3c       0x40 ./Core/Src/main.o
 .text.MX_GPIO_Init
                0x08003b7c      0x14c ./Core/Src/main.o
 .text.HCSR04_Trigger_10us
                0x08003cc8       0x38 ./Core/Src/main.o
 .text.median3_u32
                0x08003d00       0x52 ./Core/Src/main.o
 *fill*         0x08003d52        0x2 
 .text.HAL_TIM_IC_CaptureCallback
                0x08003d54      0x164 ./Core/Src/main.o
                0x08003d54                HAL_TIM_IC_CaptureCallback
 .text.HAL_UART_RxCpltCallback
                0x08003eb8      0x1bc ./Core/Src/main.o
                0x08003eb8                HAL_UART_RxCpltCallback
 .text.HAL_ADC_ConvCpltCallback
                0x08004074      0x10c ./Core/Src/main.o
                0x08004074                HAL_ADC_ConvCpltCallback
 .text.ledTask  0x08004180       0x28 ./Core/Src/main.o
                0x08004180                ledTask
 .text.oledTask
                0x080041a8      0x25c ./Core/Src/main.o
                0x080041a8                oledTask
 .text.motorTask
                0x08004404     0x16e8 ./Core/Src/main.o
                0x08004404                motorTask
 .text.encoderTask
                0x08005aec      0x200 ./Core/Src/main.o
                0x08005aec                encoderTask
 .text.gyroTask
                0x08005cec      0x1f0 ./Core/Src/main.o
                0x08005cec                gyroTask
 .text.ultrasoundTask
                0x08005edc       0x44 ./Core/Src/main.o
                0x08005edc                ultrasoundTask
 .text.irTask   0x08005f20      0x168 ./Core/Src/main.o
                0x08005f20                irTask
 .text.Error_Handler
                0x08006088        0xc ./Core/Src/main.o
                0x08006088                Error_Handler
 .text.sign_of  0x08006094       0x2a ./Core/Src/manual_control.o
 .text.skip_space
                0x080060be       0x36 ./Core/Src/manual_control.o
 .text.read_number
                0x080060f4       0xbc ./Core/Src/manual_control.o
 .text.read_signed
                0x080061b0       0x7e ./Core/Src/manual_control.o
 .text.valid_setpoint
                0x0800622e       0x70 ./Core/Src/manual_control.o
 *fill*         0x0800629e        0x2 
 .text.Manual_ParseLine
                0x080062a0      0x198 ./Core/Src/manual_control.o
                0x080062a0                Manual_ParseLine
 .text.Manual_Init
                0x08006438       0x1a ./Core/Src/manual_control.o
                0x08006438                Manual_Init
 .text.Manual_Begin
                0x08006452       0x32 ./Core/Src/manual_control.o
                0x08006452                Manual_Begin
 .text.Manual_Tick
                0x08006484       0x58 ./Core/Src/manual_control.o
                0x08006484                Manual_Tick
 .text.Manual_Accept
                0x080064dc      0x10c ./Core/Src/manual_control.o
                0x080064dc                Manual_Accept
 .text.Manual_Output
                0x080065e8       0x86 ./Core/Src/manual_control.o
                0x080065e8                Manual_Output
 *fill*         0x0800666e        0x2 
 .text.HAL_MspInit
                0x08006670       0x58 ./Core/Src/stm32f4xx_hal_msp.o
                0x08006670                HAL_MspInit
 .text.HAL_ADC_MspInit
                0x080066c8       0xf0 ./Core/Src/stm32f4xx_hal_msp.o
                0x080066c8                HAL_ADC_MspInit
 .text.HAL_I2C_MspInit
                0x080067b8       0x90 ./Core/Src/stm32f4xx_hal_msp.o
                0x080067b8                HAL_I2C_MspInit
 .text.HAL_I2C_MspDeInit
                0x08006848       0x48 ./Core/Src/stm32f4xx_hal_msp.o
                0x08006848                HAL_I2C_MspDeInit
 .text.HAL_TIM_Encoder_MspInit
                0x08006890      0x134 ./Core/Src/stm32f4xx_hal_msp.o
                0x08006890                HAL_TIM_Encoder_MspInit
 .text.HAL_TIM_Base_MspInit
                0x080069c4      0x124 ./Core/Src/stm32f4xx_hal_msp.o
                0x080069c4                HAL_TIM_Base_MspInit
 .text.HAL_TIM_MspPostInit
                0x08006ae8      0x114 ./Core/Src/stm32f4xx_hal_msp.o
                0x08006ae8                HAL_TIM_MspPostInit
 .text.HAL_UART_MspInit
                0x08006bfc      0x10c ./Core/Src/stm32f4xx_hal_msp.o
                0x08006bfc                HAL_UART_MspInit
 .text.NMI_Handler
                0x08006d08        0x8 ./Core/Src/stm32f4xx_it.o
                0x08006d08                NMI_Handler
 .text.HardFault_Handler
                0x08006d10        0x8 ./Core/Src/stm32f4xx_it.o
                0x08006d10                HardFault_Handler
 .text.MemManage_Handler
                0x08006d18        0x8 ./Core/Src/stm32f4xx_it.o
                0x08006d18                MemManage_Handler
 .text.BusFault_Handler
                0x08006d20        0x8 ./Core/Src/stm32f4xx_it.o
                0x08006d20                BusFault_Handler
 .text.UsageFault_Handler
                0x08006d28        0x8 ./Core/Src/stm32f4xx_it.o
                0x08006d28                UsageFault_Handler
 .text.DebugMon_Handler
                0x08006d30        0xe ./Core/Src/stm32f4xx_it.o
                0x08006d30                DebugMon_Handler
 .text.SysTick_Handler
                0x08006d3e       0x1a ./Core/Src/stm32f4xx_it.o
                0x08006d3e                SysTick_Handler
 .text.USART3_IRQHandler
                0x08006d58       0x14 ./Core/Src/stm32f4xx_it.o
                0x08006d58                USART3_IRQHandler
 .text.TIM8_CC_IRQHandler
                0x08006d6c       0x14 ./Core/Src/stm32f4xx_it.o
                0x08006d6c                TIM8_CC_IRQHandler
 .text.DMA2_Stream0_IRQHandler
                0x08006d80       0x14 ./Core/Src/stm32f4xx_it.o
                0x08006d80                DMA2_Stream0_IRQHandler
 .text._getpid  0x08006d94       0x10 ./Core/Src/syscalls.o
                0x08006d94                _getpid
 .text._kill    0x08006da4       0x20 ./Core/Src/syscalls.o
                0x08006da4                _kill
 .text._exit    0x08006dc4       0x16 ./Core/Src/syscalls.o
                0x08006dc4                _exit
 .text._read    0x08006dda       0x3a ./Core/Src/syscalls.o
                0x08006dda                _read
 .text._write   0x08006e14       0x38 ./Core/Src/syscalls.o
                0x08006e14                _write
 .text._close   0x08006e4c       0x18 ./Core/Src/syscalls.o
                0x08006e4c                _close
 .text._fstat   0x08006e64       0x20 ./Core/Src/syscalls.o
                0x08006e64                _fstat
 .text._isatty  0x08006e84       0x16 ./Core/Src/syscalls.o
                0x08006e84                _isatty
 .text._lseek   0x08006e9a       0x1a ./Core/Src/syscalls.o
                0x08006e9a                _lseek
 .text._sbrk    0x08006eb4       0x6c ./Core/Src/sysmem.o
                0x08006eb4                _sbrk
 .text.SystemInit
                0x08006f20       0x24 ./Core/Src/system_stm32f4xx.o
                0x08006f20                SystemInit
 .text.scale_by_1000
                0x08006f44       0x5c ./Core/Src/telemetry.o
 .text.transmit_line
                0x08006fa0       0x40 ./Core/Src/telemetry.o
 .text.Telemetry_Init
                0x08006fe0       0x50 ./Core/Src/telemetry.o
                0x08006fe0                Telemetry_Init
 .text.Telemetry_StartCommand
                0x08007030       0x84 ./Core/Src/telemetry.o
                0x08007030                Telemetry_StartCommand
 .text.Telemetry_RecordFault
                0x080070b4       0x6c ./Core/Src/telemetry.o
                0x080070b4                Telemetry_RecordFault
 .text.Telemetry_SendEncoder
                0x08007120      0x1e0 ./Core/Src/telemetry.o
                0x08007120                Telemetry_SendEncoder
 .text.Telemetry_SendTurn
                0x08007300       0xfc ./Core/Src/telemetry.o
                0x08007300                Telemetry_SendTurn
 .text.Telemetry_SendStraight
                0x080073fc       0xf0 ./Core/Src/telemetry.o
                0x080073fc                Telemetry_SendStraight
 .text.Reset_Handler
                0x080074ec       0x50 ./Core/Startup/startup_stm32f407vetx.o
                0x080074ec                Reset_Handler
 .text.Default_Handler
                0x0800753c        0x2 ./Core/Startup/startup_stm32f407vetx.o
                0x0800753c                RTC_Alarm_IRQHandler
                0x0800753c                HASH_RNG_IRQHandler
                0x0800753c                EXTI2_IRQHandler
                0x0800753c                TIM1_CC_IRQHandler
                0x0800753c                DMA2_Stream5_IRQHandler
                0x0800753c                DMA1_Stream5_IRQHandler
                0x0800753c                PVD_IRQHandler
                0x0800753c                SDIO_IRQHandler
                0x0800753c                TAMP_STAMP_IRQHandler
                0x0800753c                CAN2_RX1_IRQHandler
                0x0800753c                EXTI3_IRQHandler
                0x0800753c                TIM8_TRG_COM_TIM14_IRQHandler
                0x0800753c                TIM1_UP_TIM10_IRQHandler
                0x0800753c                TIM8_UP_TIM13_IRQHandler
                0x0800753c                I2C3_ER_IRQHandler
                0x0800753c                EXTI0_IRQHandler
                0x0800753c                I2C2_EV_IRQHandler
                0x0800753c                DMA1_Stream2_IRQHandler
                0x0800753c                CAN1_RX0_IRQHandler
                0x0800753c                FPU_IRQHandler
                0x0800753c                OTG_HS_WKUP_IRQHandler
                0x0800753c                CAN2_SCE_IRQHandler
                0x0800753c                DMA2_Stream2_IRQHandler
                0x0800753c                SPI1_IRQHandler
                0x0800753c                TIM6_DAC_IRQHandler
                0x0800753c                TIM1_BRK_TIM9_IRQHandler
                0x0800753c                DCMI_IRQHandler
                0x0800753c                CAN2_RX0_IRQHandler
                0x0800753c                DMA2_Stream3_IRQHandler
                0x0800753c                USART6_IRQHandler
                0x0800753c                CAN1_RX1_IRQHandler
                0x0800753c                UART5_IRQHandler
                0x0800753c                TIM4_IRQHandler
                0x0800753c                I2C1_EV_IRQHandler
                0x0800753c                DMA1_Stream6_IRQHandler
                0x0800753c                DMA1_Stream1_IRQHandler
                0x0800753c                UART4_IRQHandler
                0x0800753c                TIM3_IRQHandler
                0x0800753c                RCC_IRQHandler
                0x0800753c                TIM8_BRK_TIM12_IRQHandler
                0x0800753c                Default_Handler
                0x0800753c                EXTI15_10_IRQHandler
                0x0800753c                ADC_IRQHandler
                0x0800753c                DMA1_Stream7_IRQHandler
                0x0800753c                TIM7_IRQHandler
                0x0800753c                CAN2_TX_IRQHandler
                0x0800753c                TIM5_IRQHandler
                0x0800753c                DMA2_Stream7_IRQHandler
                0x0800753c                I2C3_EV_IRQHandler
                0x0800753c                EXTI9_5_IRQHandler
                0x0800753c                RTC_WKUP_IRQHandler
                0x0800753c                ETH_WKUP_IRQHandler
                0x0800753c                SPI2_IRQHandler
                0x0800753c                OTG_HS_EP1_IN_IRQHandler
                0x0800753c                DMA1_Stream0_IRQHandler
                0x0800753c                CAN1_TX_IRQHandler
                0x0800753c                EXTI4_IRQHandler
                0x0800753c                FSMC_IRQHandler
                0x0800753c                ETH_IRQHandler
                0x0800753c                OTG_HS_EP1_OUT_IRQHandler
                0x0800753c                WWDG_IRQHandler
                0x0800753c                TIM2_IRQHandler
                0x0800753c                OTG_FS_WKUP_IRQHandler
                0x0800753c                TIM1_TRG_COM_TIM11_IRQHandler
                0x0800753c                OTG_HS_IRQHandler
                0x0800753c                EXTI1_IRQHandler
                0x0800753c                USART2_IRQHandler
                0x0800753c                I2C2_ER_IRQHandler
                0x0800753c                DMA2_Stream1_IRQHandler
                0x0800753c                CAN1_SCE_IRQHandler
                0x0800753c                FLASH_IRQHandler
                0x0800753c                DMA2_Stream4_IRQHandler
                0x0800753c                USART1_IRQHandler
                0x0800753c                OTG_FS_IRQHandler
                0x0800753c                SPI3_IRQHandler
                0x0800753c                DMA1_Stream4_IRQHandler
                0x0800753c                I2C1_ER_IRQHandler
                0x0800753c                DMA2_Stream6_IRQHandler
                0x0800753c                DMA1_Stream3_IRQHandler
 *fill*         0x0800753e        0x2 
 .text.OLED_Refresh_Gram
                0x08007540       0x70 ./Drivers/PeripheralDriver/Src/oled.o
                0x08007540                OLED_Refresh_Gram
 .text.OLED_WR_Byte
                0x080075b0       0x9c ./Drivers/PeripheralDriver/Src/oled.o
                0x080075b0                OLED_WR_Byte
 .text.OLED_Clear
                0x0800764c       0x4c ./Drivers/PeripheralDriver/Src/oled.o
                0x0800764c                OLED_Clear
 .text.OLED_DrawPoint
                0x08007698       0xb4 ./Drivers/PeripheralDriver/Src/oled.o
                0x08007698                OLED_DrawPoint
 .text.OLED_ShowChar
                0x0800774c       0xe4 ./Drivers/PeripheralDriver/Src/oled.o
                0x0800774c                OLED_ShowChar
 .text.OLED_ShowString
                0x08007830       0x64 ./Drivers/PeripheralDriver/Src/oled.o
                0x08007830                OLED_ShowString
 .text.OLED_Init
                0x08007894      0x11c ./Drivers/PeripheralDriver/Src/oled.o
                0x08007894                OLED_Init
 .text.HAL_Init
                0x080079b0       0x44 ./Drivers/STM32F4xx_HAL_Driver/Src/stm32f4xx_hal.o
                0x080079b0                HAL_Init
 .text.HAL_InitTick
                0x080079f4       0x60 ./Drivers/STM32F4xx_HAL_Driver/Src/stm32f4xx_hal.o
                0x080079f4                HAL_InitTick
 .text.HAL_IncTick
                0x08007a54       0x28 ./Drivers/STM32F4xx_HAL_Driver/Src/stm32f4xx_hal.o
                0x08007a54                HAL_IncTick
 .text.HAL_GetTick
                0x08007a7c       0x18 ./Drivers/STM32F4xx_HAL_Driver/Src/stm32f4xx_hal.o
                0x08007a7c                HAL_GetTick
 .text.HAL_Delay
                0x08007a94       0x48 ./Drivers/STM32F4xx_HAL_Driver/Src/stm32f4xx_hal.o
                0x08007a94                HAL_Delay
 .text.HAL_ADC_Init
                0x08007adc       0x86 ./Drivers/STM32F4xx_HAL_Driver/Src/stm32f4xx_hal_adc.o
                0x08007adc                HAL_ADC_Init
 *fill*         0x08007b62        0x2 
 .text.HAL_ADC_Start_DMA
                0x08007b64      0x228 ./Drivers/STM32F4xx_HAL_Driver/Src/stm32f4xx_hal_adc.o
                0x08007b64                HAL_ADC_Start_DMA
 .text.HAL_ADC_ConvHalfCpltCallback
                0x08007d8c       0x14 ./Drivers/STM32F4xx_HAL_Driver/Src/stm32f4xx_hal_adc.o
                0x08007d8c                HAL_ADC_ConvHalfCpltCallback
 .text.HAL_ADC_ErrorCallback
                0x08007da0       0x14 ./Drivers/STM32F4xx_HAL_Driver/Src/stm32f4xx_hal_adc.o
                0x08007da0                HAL_ADC_ErrorCallback
 .text.HAL_ADC_ConfigChannel
                0x08007db4      0x244 ./Drivers/STM32F4xx_HAL_Driver/Src/stm32f4xx_hal_adc.o
                0x08007db4                HAL_ADC_ConfigChannel
 .text.ADC_Init
                0x08007ff8      0x1f8 ./Drivers/STM32F4xx_HAL_Driver/Src/stm32f4xx_hal_adc.o
 .text.ADC_DMAConvCplt
                0x080081f0       0xba ./Drivers/STM32F4xx_HAL_Driver/Src/stm32f4xx_hal_adc.o
 .text.ADC_DMAHalfConvCplt
                0x080082aa       0x1c ./Drivers/STM32F4xx_HAL_Driver/Src/stm32f4xx_hal_adc.o
 .text.ADC_DMAError
                0x080082c6       0x2e ./Drivers/STM32F4xx_HAL_Driver/Src/stm32f4xx_hal_adc.o
 .text.__NVIC_SetPriorityGrouping
                0x080082f4       0x48 ./Drivers/STM32F4xx_HAL_Driver/Src/stm32f4xx_hal_cortex.o
 .text.__NVIC_GetPriorityGrouping
                0x0800833c       0x1c ./Drivers/STM32F4xx_HAL_Driver/Src/stm32f4xx_hal_cortex.o
 .text.__NVIC_EnableIRQ
                0x08008358       0x3c ./Drivers/STM32F4xx_HAL_Driver/Src/stm32f4xx_hal_cortex.o
 .text.__NVIC_SetPriority
                0x08008394       0x54 ./Drivers/STM32F4xx_HAL_Driver/Src/stm32f4xx_hal_cortex.o
 .text.NVIC_EncodePriority
                0x080083e8       0x66 ./Drivers/STM32F4xx_HAL_Driver/Src/stm32f4xx_hal_cortex.o
 *fill*         0x0800844e        0x2 
 .text.SysTick_Config
                0x08008450       0x44 ./Drivers/STM32F4xx_HAL_Driver/Src/stm32f4xx_hal_cortex.o
 .text.HAL_NVIC_SetPriorityGrouping
                0x08008494       0x16 ./Drivers/STM32F4xx_HAL_Driver/Src/stm32f4xx_hal_cortex.o
                0x08008494                HAL_NVIC_SetPriorityGrouping
 .text.HAL_NVIC_SetPriority
                0x080084aa       0x38 ./Drivers/STM32F4xx_HAL_Driver/Src/stm32f4xx_hal_cortex.o
                0x080084aa                HAL_NVIC_SetPriority
 .text.HAL_NVIC_EnableIRQ
                0x080084e2       0x1c ./Drivers/STM32F4xx_HAL_Driver/Src/stm32f4xx_hal_cortex.o
                0x080084e2                HAL_NVIC_EnableIRQ
 .text.HAL_SYSTICK_Config
                0x080084fe       0x18 ./Drivers/STM32F4xx_HAL_Driver/Src/stm32f4xx_hal_cortex.o
                0x080084fe                HAL_SYSTICK_Config
 *fill*         0x08008516        0x2 
 .text.HAL_DMA_Init
                0x08008518      0x15c ./Drivers/STM32F4xx_HAL_Driver/Src/stm32f4xx_hal_dma.o
                0x08008518                HAL_DMA_Init
 .text.HAL_DMA_Start_IT
                0x08008674       0xb0 ./Drivers/STM32F4xx_HAL_Driver/Src/stm32f4xx_hal_dma.o
                0x08008674                HAL_DMA_Start_IT
 .text.HAL_DMA_Abort
                0x08008724       0xe0 ./Drivers/STM32F4xx_HAL_Driver/Src/stm32f4xx_hal_dma.o
                0x08008724                HAL_DMA_Abort
 .text.HAL_DMA_Abort_IT
                0x08008804       0x44 ./Drivers/STM32F4xx_HAL_Driver/Src/stm32f4xx_hal_dma.o
                0x08008804                HAL_DMA_Abort_IT
 .text.HAL_DMA_IRQHandler
                0x08008848      0x314 ./Drivers/STM32F4xx_HAL_Driver/Src/stm32f4xx_hal_dma.o
                0x08008848                HAL_DMA_IRQHandler
 .text.DMA_SetConfig
                0x08008b5c       0x5c ./Drivers/STM32F4xx_HAL_Driver/Src/stm32f4xx_hal_dma.o
 .text.DMA_CalcBaseAndBitshift
                0x08008bb8       0x6c ./Drivers/STM32F4xx_HAL_Driver/Src/stm32f4xx_hal_dma.o
 .text.DMA_CheckFifoParam
                0x08008c24       0xf8 ./Drivers/STM32F4xx_HAL_Driver/Src/stm32f4xx_hal_dma.o
 .text.HAL_GPIO_Init
                0x08008d1c      0x338 ./Drivers/STM32F4xx_HAL_Driver/Src/stm32f4xx_hal_gpio.o
                0x08008d1c                HAL_GPIO_Init
 .text.HAL_GPIO_DeInit
                0x08009054      0x1f8 ./Drivers/STM32F4xx_HAL_Driver/Src/stm32f4xx_hal_gpio.o
                0x08009054                HAL_GPIO_DeInit
 .text.HAL_GPIO_ReadPin
                0x0800924c       0x30 ./Drivers/STM32F4xx_HAL_Driver/Src/stm32f4xx_hal_gpio.o
                0x0800924c                HAL_GPIO_ReadPin
 .text.HAL_GPIO_WritePin
                0x0800927c       0x32 ./Drivers/STM32F4xx_HAL_Driver/Src/stm32f4xx_hal_gpio.o
                0x0800927c                HAL_GPIO_WritePin
 .text.HAL_GPIO_TogglePin
                0x080092ae       0x34 ./Drivers/STM32F4xx_HAL_Driver/Src/stm32f4xx_hal_gpio.o
                0x080092ae                HAL_GPIO_TogglePin
 *fill*         0x080092e2        0x2 
 .text.HAL_I2C_Init
                0x080092e4      0x288 ./Drivers/STM32F4xx_HAL_Driver/Src/stm32f4xx_hal_i2c.o
                0x080092e4                HAL_I2C_Init
 .text.HAL_I2C_DeInit
                0x0800956c       0x5e ./Drivers/STM32F4xx_HAL_Driver/Src/stm32f4xx_hal_i2c.o
                0x0800956c                HAL_I2C_DeInit
 *fill*         0x080095ca        0x2 
 .text.HAL_I2C_Mem_Write
                0x080095cc      0x1f4 ./Drivers/STM32F4xx_HAL_Driver/Src/stm32f4xx_hal_i2c.o
                0x080095cc                HAL_I2C_Mem_Write
 .text.HAL_I2C_Mem_Read
                0x080097c0      0x464 ./Drivers/STM32F4xx_HAL_Driver/Src/stm32f4xx_hal_i2c.o
                0x080097c0                HAL_I2C_Mem_Read
 .text.I2C_RequestMemoryWrite
                0x08009c24      0x12c ./Drivers/STM32F4xx_HAL_Driver/Src/stm32f4xx_hal_i2c.o
 .text.I2C_RequestMemoryRead
                0x08009d50      0x1d0 ./Drivers/STM32F4xx_HAL_Driver/Src/stm32f4xx_hal_i2c.o
 .text.I2C_WaitOnFlagUntilTimeout
                0x08009f20       0xf4 ./Drivers/STM32F4xx_HAL_Driver/Src/stm32f4xx_hal_i2c.o
 .text.I2C_WaitOnMasterAddressFlagUntilTimeout
                0x0800a014      0x140 ./Drivers/STM32F4xx_HAL_Driver/Src/stm32f4xx_hal_i2c.o
 .text.I2C_WaitOnTXEFlagUntilTimeout
                0x0800a154       0x90 ./Drivers/STM32F4xx_HAL_Driver/Src/stm32f4xx_hal_i2c.o
 .text.I2C_WaitOnBTFFlagUntilTimeout
                0x0800a1e4       0x90 ./Drivers/STM32F4xx_HAL_Driver/Src/stm32f4xx_hal_i2c.o
 .text.I2C_WaitOnRXNEFlagUntilTimeout
                0x0800a274       0xba ./Drivers/STM32F4xx_HAL_Driver/Src/stm32f4xx_hal_i2c.o
 .text.I2C_IsAcknowledgeFailed
                0x0800a32e       0x5e ./Drivers/STM32F4xx_HAL_Driver/Src/stm32f4xx_hal_i2c.o
 .text.HAL_PWR_EnableBkUpAccess
                0x0800a38c       0x28 ./Drivers/STM32F4xx_HAL_Driver/Src/stm32f4xx_hal_pwr.o
                0x0800a38c                HAL_PWR_EnableBkUpAccess
 .text.HAL_PWR_DisableBkUpAccess
                0x0800a3b4       0x28 ./Drivers/STM32F4xx_HAL_Driver/Src/stm32f4xx_hal_pwr.o
                0x0800a3b4                HAL_PWR_DisableBkUpAccess
 .text.HAL_RCC_OscConfig
                0x0800a3dc      0x4f0 ./Drivers/STM32F4xx_HAL_Driver/Src/stm32f4xx_hal_rcc.o
                0x0800a3dc                HAL_RCC_OscConfig
 .text.HAL_RCC_ClockConfig
                0x0800a8cc      0x1cc ./Drivers/STM32F4xx_HAL_Driver/Src/stm32f4xx_hal_rcc.o
                0x0800a8cc                HAL_RCC_ClockConfig
 .text.HAL_RCC_GetSysClockFreq
                0x0800aa98      0x188 ./Drivers/STM32F4xx_HAL_Driver/Src/stm32f4xx_hal_rcc.o
                0x0800aa98                HAL_RCC_GetSysClockFreq
 .text.HAL_RCC_GetHCLKFreq
                0x0800ac20       0x18 ./Drivers/STM32F4xx_HAL_Driver/Src/stm32f4xx_hal_rcc.o
                0x0800ac20                HAL_RCC_GetHCLKFreq
 .text.HAL_RCC_GetPCLK1Freq
                0x0800ac38       0x28 ./Drivers/STM32F4xx_HAL_Driver/Src/stm32f4xx_hal_rcc.o
                0x0800ac38                HAL_RCC_GetPCLK1Freq
 .text.HAL_RCC_GetPCLK2Freq
                0x0800ac60       0x28 ./Drivers/STM32F4xx_HAL_Driver/Src/stm32f4xx_hal_rcc.o
                0x0800ac60                HAL_RCC_GetPCLK2Freq
 .text.HAL_TIM_Base_Init
                0x0800ac88       0x9e ./Drivers/STM32F4xx_HAL_Driver/Src/stm32f4xx_hal_tim.o
                0x0800ac88                HAL_TIM_Base_Init
 .text.HAL_TIM_PWM_Init
                0x0800ad26       0x9e ./Drivers/STM32F4xx_HAL_Driver/Src/stm32f4xx_hal_tim.o
                0x0800ad26                HAL_TIM_PWM_Init
 .text.HAL_TIM_PWM_MspInit
                0x0800adc4       0x14 ./Drivers/STM32F4xx_HAL_Driver/Src/stm32f4xx_hal_tim.o
                0x0800adc4                HAL_TIM_PWM_MspInit
 .text.HAL_TIM_PWM_Start
                0x0800add8      0x190 ./Drivers/STM32F4xx_HAL_Driver/Src/stm32f4xx_hal_tim.o
                0x0800add8                HAL_TIM_PWM_Start
 .text.HAL_TIM_IC_Init
                0x0800af68       0x9e ./Drivers/STM32F4xx_HAL_Driver/Src/stm32f4xx_hal_tim.o
                0x0800af68                HAL_TIM_IC_Init
 .text.HAL_TIM_IC_MspInit
                0x0800b006       0x14 ./Drivers/STM32F4xx_HAL_Driver/Src/stm32f4xx_hal_tim.o
                0x0800b006                HAL_TIM_IC_MspInit
 *fill*         0x0800b01a        0x2 
 .text.HAL_TIM_IC_Start_IT
                0x0800b01c      0x250 ./Drivers/STM32F4xx_HAL_Driver/Src/stm32f4xx_hal_tim.o
                0x0800b01c                HAL_TIM_IC_Start_IT
 .text.HAL_TIM_Encoder_Init
                0x0800b26c      0x14c ./Drivers/STM32F4xx_HAL_Driver/Src/stm32f4xx_hal_tim.o
                0x0800b26c                HAL_TIM_Encoder_Init
 .text.HAL_TIM_Encoder_Start
                0x0800b3b8      0x11c ./Drivers/STM32F4xx_HAL_Driver/Src/stm32f4xx_hal_tim.o
                0x0800b3b8                HAL_TIM_Encoder_Start
 .text.HAL_TIM_IRQHandler
                0x0800b4d4      0x1e0 ./Drivers/STM32F4xx_HAL_Driver/Src/stm32f4xx_hal_tim.o
                0x0800b4d4                HAL_TIM_IRQHandler
 .text.HAL_TIM_IC_ConfigChannel
                0x0800b6b4      0x138 ./Drivers/STM32F4xx_HAL_Driver/Src/stm32f4xx_hal_tim.o
                0x0800b6b4                HAL_TIM_IC_ConfigChannel
 .text.HAL_TIM_PWM_ConfigChannel
                0x0800b7ec      0x184 ./Drivers/STM32F4xx_HAL_Driver/Src/stm32f4xx_hal_tim.o
                0x0800b7ec                HAL_TIM_PWM_ConfigChannel
 .text.HAL_TIM_ConfigClockSource
                0x0800b970      0x18e ./Drivers/STM32F4xx_HAL_Driver/Src/stm32f4xx_hal_tim.o
                0x0800b970                HAL_TIM_ConfigClockSource
 *fill*         0x0800bafe        0x2 
 .text.HAL_TIM_ReadCapturedValue
                0x0800bb00       0x88 ./Drivers/STM32F4xx_HAL_Driver/Src/stm32f4xx_hal_tim.o
                0x0800bb00                HAL_TIM_ReadCapturedValue
 .text.HAL_TIM_PeriodElapsedCallback
                0x0800bb88       0x14 ./Drivers/STM32F4xx_HAL_Driver/Src/stm32f4xx_hal_tim.o
                0x0800bb88                HAL_TIM_PeriodElapsedCallback
 .text.HAL_TIM_OC_DelayElapsedCallback
                0x0800bb9c       0x14 ./Drivers/STM32F4xx_HAL_Driver/Src/stm32f4xx_hal_tim.o
                0x0800bb9c                HAL_TIM_OC_DelayElapsedCallback
 .text.HAL_TIM_PWM_PulseFinishedCallback
                0x0800bbb0       0x14 ./Drivers/STM32F4xx_HAL_Driver/Src/stm32f4xx_hal_tim.o
                0x0800bbb0                HAL_TIM_PWM_PulseFinishedCallback
 .text.HAL_TIM_TriggerCallback
                0x0800bbc4       0x14 ./Drivers/STM32F4xx_HAL_Driver/Src/stm32f4xx_hal_tim.o
                0x0800bbc4                HAL_TIM_TriggerCallback
 .text.TIM_Base_SetConfig
                0x0800bbd8      0x14c ./Drivers/STM32F4xx_HAL_Driver/Src/stm32f4xx_hal_tim.o
                0x0800bbd8                TIM_Base_SetConfig
 .text.TIM_OC1_SetConfig
                0x0800bd24       0xe0 ./Drivers/STM32F4xx_HAL_Driver/Src/stm32f4xx_hal_tim.o
 .text.TIM_OC2_SetConfig
                0x0800be04       0xec ./Drivers/STM32F4xx_HAL_Driver/Src/stm32f4xx_hal_tim.o
                0x0800be04                TIM_OC2_SetConfig
 .text.TIM_OC3_SetConfig
                0x0800bef0       0xe8 ./Drivers/STM32F4xx_HAL_Driver/Src/stm32f4xx_hal_tim.o
 .text.TIM_OC4_SetConfig
                0x0800bfd8       0xac ./Drivers/STM32F4xx_HAL_Driver/Src/stm32f4xx_hal_tim.o
 .text.TIM_TI1_SetConfig
                0x0800c084       0xe8 ./Drivers/STM32F4xx_HAL_Driver/Src/stm32f4xx_hal_tim.o
                0x0800c084                TIM_TI1_SetConfig
 .text.TIM_TI1_ConfigInputStage
                0x0800c16c       0x5e ./Drivers/STM32F4xx_HAL_Driver/Src/stm32f4xx_hal_tim.o
 .text.TIM_TI2_SetConfig
                0x0800c1ca       0x7a ./Drivers/STM32F4xx_HAL_Driver/Src/stm32f4xx_hal_tim.o
 .text.TIM_TI2_ConfigInputStage
                0x0800c244       0x60 ./Drivers/STM32F4xx_HAL_Driver/Src/stm32f4xx_hal_tim.o
 .text.TIM_TI3_SetConfig
                0x0800c2a4       0x78 ./Drivers/STM32F4xx_HAL_Driver/Src/stm32f4xx_hal_tim.o
 .text.TIM_TI4_SetConfig
                0x0800c31c       0x7a ./Drivers/STM32F4xx_HAL_Driver/Src/stm32f4xx_hal_tim.o
 .text.TIM_ITRx_SetConfig
                0x0800c396       0x36 ./Drivers/STM32F4xx_HAL_Driver/Src/stm32f4xx_hal_tim.o
 .text.TIM_ETR_SetConfig
                0x0800c3cc       0x40 ./Drivers/STM32F4xx_HAL_Driver/Src/stm32f4xx_hal_tim.o
                0x0800c3cc                TIM_ETR_SetConfig
 .text.TIM_CCxChannelCmd
                0x0800c40c       0x4a ./Drivers/STM32F4xx_HAL_Driver/Src/stm32f4xx_hal_tim.o
                0x0800c40c                TIM_CCxChannelCmd
 *fill*         0x0800c456        0x2 
 .text.HAL_TIMEx_MasterConfigSynchronization
                0x0800c458       0xf8 ./Drivers/STM32F4xx_HAL_Driver/Src/stm32f4xx_hal_tim_ex.o
                0x0800c458                HAL_TIMEx_MasterConfigSynchronization
 .text.HAL_TIMEx_CommutCallback
                0x0800c550       0x14 ./Drivers/STM32F4xx_HAL_Driver/Src/stm32f4xx_hal_tim_ex.o
                0x0800c550                HAL_TIMEx_CommutCallback
 .text.HAL_TIMEx_BreakCallback
                0x0800c564       0x14 ./Drivers/STM32F4xx_HAL_Driver/Src/stm32f4xx_hal_tim_ex.o
                0x0800c564                HAL_TIMEx_BreakCallback
 .text.HAL_UART_Init
                0x0800c578       0xa0 ./Drivers/STM32F4xx_HAL_Driver/Src/stm32f4xx_hal_uart.o
                0x0800c578                HAL_UART_Init
 .text.HAL_UART_Transmit
                0x0800c618      0x116 ./Drivers/STM32F4xx_HAL_Driver/Src/stm32f4xx_hal_uart.o
                0x0800c618                HAL_UART_Transmit
 .text.HAL_UART_Transmit_IT
                0x0800c72e       0x6c ./Drivers/STM32F4xx_HAL_Driver/Src/stm32f4xx_hal_uart.o
                0x0800c72e                HAL_UART_Transmit_IT
 .text.HAL_UART_Receive_IT
                0x0800c79a       0x4a ./Drivers/STM32F4xx_HAL_Driver/Src/stm32f4xx_hal_uart.o
                0x0800c79a                HAL_UART_Receive_IT
 .text.HAL_UART_IRQHandler
                0x0800c7e4      0x554 ./Drivers/STM32F4xx_HAL_Driver/Src/stm32f4xx_hal_uart.o
                0x0800c7e4                HAL_UART_IRQHandler
 .text.HAL_UART_ErrorCallback
                0x0800cd38       0x14 ./Drivers/STM32F4xx_HAL_Driver/Src/stm32f4xx_hal_uart.o
                0x0800cd38                HAL_UART_ErrorCallback
 .text.HAL_UARTEx_RxEventCallback
                0x0800cd4c       0x18 ./Drivers/STM32F4xx_HAL_Driver/Src/stm32f4xx_hal_uart.o
                0x0800cd4c                HAL_UARTEx_RxEventCallback
 .text.UART_WaitOnFlagUntilTimeout
                0x0800cd64       0xb2 ./Drivers/STM32F4xx_HAL_Driver/Src/stm32f4xx_hal_uart.o
 .text.UART_Start_Receive_IT
                0x0800ce16       0x74 ./Drivers/STM32F4xx_HAL_Driver/Src/stm32f4xx_hal_uart.o
                0x0800ce16                UART_Start_Receive_IT
 .text.UART_EndRxTransfer
                0x0800ce8a       0xc6 ./Drivers/STM32F4xx_HAL_Driver/Src/stm32f4xx_hal_uart.o
 .text.UART_DMAAbortOnError
                0x0800cf50       0x22 ./Drivers/STM32F4xx_HAL_Driver/Src/stm32f4xx_hal_uart.o
 .text.UART_Transmit_IT
                0x0800cf72       0xa0 ./Drivers/STM32F4xx_HAL_Driver/Src/stm32f4xx_hal_uart.o
 .text.UART_EndTransmit_IT
                0x0800d012       0x30 ./Drivers/STM32F4xx_HAL_Driver/Src/stm32f4xx_hal_uart.o
 .text.UART_Receive_IT
                0x0800d042      0x17c ./Drivers/STM32F4xx_HAL_Driver/Src/stm32f4xx_hal_uart.o
 *fill*         0x0800d1be        0x2 
 .text.UART_SetConfig
                0x0800d1c0      0x4e8 ./Drivers/STM32F4xx_HAL_Driver/Src/stm32f4xx_hal_uart.o
 .text.makeFreeRtosPriority
                0x0800d6a8       0x30 ./Middlewares/Third_Party/FreeRTOS/Source/CMSIS_RTOS/cmsis_os.o
 .text.osKernelStart
                0x0800d6d8        0xe ./Middlewares/Third_Party/FreeRTOS/Source/CMSIS_RTOS/cmsis_os.o
                0x0800d6d8                osKernelStart
 .text.osThreadCreate
                0x0800d6e6       0x98 ./Middlewares/Third_Party/FreeRTOS/Source/CMSIS_RTOS/cmsis_os.o
                0x0800d6e6                osThreadCreate
 .text.osDelay  0x0800d77e       0x28 ./Middlewares/Third_Party/FreeRTOS/Source/CMSIS_RTOS/cmsis_os.o
                0x0800d77e                osDelay
 .text.vListInitialise
                0x0800d7a6       0x40 ./Middlewares/Third_Party/FreeRTOS/Source/list.o
                0x0800d7a6                vListInitialise
 .text.vListInitialiseItem
                0x0800d7e6       0x1a ./Middlewares/Third_Party/FreeRTOS/Source/list.o
                0x0800d7e6                vListInitialiseItem
 .text.vListInsertEnd
                0x0800d800       0x48 ./Middlewares/Third_Party/FreeRTOS/Source/list.o
                0x0800d800                vListInsertEnd
 .text.vListInsert
                0x0800d848       0x72 ./Middlewares/Third_Party/FreeRTOS/Source/list.o
                0x0800d848                vListInsert
 .text.uxListRemove
                0x0800d8ba       0x54 ./Middlewares/Third_Party/FreeRTOS/Source/list.o
                0x0800d8ba                uxListRemove
 .text.xTaskCreateStatic
                0x0800d90e       0xc0 ./Middlewares/Third_Party/FreeRTOS/Source/tasks.o
                0x0800d90e                xTaskCreateStatic
 .text.xTaskCreate
                0x0800d9ce       0x8a ./Middlewares/Third_Party/FreeRTOS/Source/tasks.o
                0x0800d9ce                xTaskCreate
 .text.prvInitialiseNewTask
                0x0800da58      0x110 ./Middlewares/Third_Party/FreeRTOS/Source/tasks.o
 .text.prvAddNewTaskToReadyList
                0x0800db68       0xd4 ./Middlewares/Third_Party/FreeRTOS/Source/tasks.o
 .text.vTaskDelay
                0x0800dc3c       0x6c ./Middlewares/Third_Party/FreeRTOS/Source/tasks.o
                0x0800dc3c                vTaskDelay
 .text.vTaskStartScheduler
                0x0800dca8       0xc4 ./Middlewares/Third_Party/FreeRTOS/Source/tasks.o
                0x0800dca8                vTaskStartScheduler
 .text.vTaskSuspendAll
                0x0800dd6c       0x1c ./Middlewares/Third_Party/FreeRTOS/Source/tasks.o
                0x0800dd6c                vTaskSuspendAll
 .text.xTaskResumeAll
                0x0800dd88      0x13c ./Middlewares/Third_Party/FreeRTOS/Source/tasks.o
                0x0800dd88                xTaskResumeAll
 .text.xTaskIncrementTick
                0x0800dec4      0x174 ./Middlewares/Third_Party/FreeRTOS/Source/tasks.o
                0x0800dec4                xTaskIncrementTick
 .text.vTaskSwitchContext
                0x0800e038       0xb8 ./Middlewares/Third_Party/FreeRTOS/Source/tasks.o
                0x0800e038                vTaskSwitchContext
 .text.prvIdleTask
                0x0800e0f0       0x30 ./Middlewares/Third_Party/FreeRTOS/Source/tasks.o
 .text.prvInitialiseTaskLists
                0x0800e120       0x80 ./Middlewares/Third_Party/FreeRTOS/Source/tasks.o
 .text.prvCheckTasksWaitingTermination
                0x0800e1a0       0x5c ./Middlewares/Third_Party/FreeRTOS/Source/tasks.o
 .text.prvDeleteTCB
                0x0800e1fc       0x60 ./Middlewares/Third_Party/FreeRTOS/Source/tasks.o
 .text.prvResetNextTaskUnblockTime
                0x0800e25c       0x40 ./Middlewares/Third_Party/FreeRTOS/Source/tasks.o
 .text.xTaskGetSchedulerState
                0x0800e29c       0x3c ./Middlewares/Third_Party/FreeRTOS/Source/tasks.o
                0x0800e29c                xTaskGetSchedulerState
 .text.prvAddCurrentTaskToDelayedList
                0x0800e2d8       0xcc ./Middlewares/Third_Party/FreeRTOS/Source/tasks.o
 .text.pxPortInitialiseStack
                0x0800e3a4       0x68 ./Middlewares/Third_Party/FreeRTOS/Source/portable/GCC/ARM_CM4F/port.o
                0x0800e3a4                pxPortInitialiseStack
 .text.prvTaskExitError
                0x0800e40c       0x5c ./Middlewares/Third_Party/FreeRTOS/Source/portable/GCC/ARM_CM4F/port.o
 *fill*         0x0800e468        0x8 
 .text.SVC_Handler
                0x0800e470       0x28 ./Middlewares/Third_Party/FreeRTOS/Source/portable/GCC/ARM_CM4F/port.o
                0x0800e470                SVC_Handler
 .text.prvPortStartFirstTask
                0x0800e498       0x28 ./Middlewares/Third_Party/FreeRTOS/Source/portable/GCC/ARM_CM4F/port.o
 .text.xPortStartScheduler
                0x0800e4c0      0x148 ./Middlewares/Third_Party/FreeRTOS/Source/portable/GCC/ARM_CM4F/port.o
                0x0800e4c0                xPortStartScheduler
 .text.vPortEnterCritical
                0x0800e608       0x64 ./Middlewares/Third_Party/FreeRTOS/Source/portable/GCC/ARM_CM4F/port.o
                0x0800e608                vPortEnterCritical
 .text.vPortExitCritical
                0x0800e66c       0x54 ./Middlewares/Third_Party/FreeRTOS/Source/portable/GCC/ARM_CM4F/port.o
                0x0800e66c                vPortExitCritical
 .text.PendSV_Handler
                0x0800e6c0       0x68 ./Middlewares/Third_Party/FreeRTOS/Source/portable/GCC/ARM_CM4F/port.o
                0x0800e6c0                PendSV_Handler
 .text.xPortSysTickHandler
                0x0800e728       0x44 ./Middlewares/Third_Party/FreeRTOS/Source/portable/GCC/ARM_CM4F/port.o
                0x0800e728                xPortSysTickHandler
 .text.vPortSetupTimerInterrupt
                0x0800e76c       0x48 ./Middlewares/Third_Party/FreeRTOS/Source/portable/GCC/ARM_CM4F/port.o
                0x0800e76c                vPortSetupTimerInterrupt
 .text.vPortEnableVFP
                0x0800e7b4       0x14 ./Middlewares/Third_Party/FreeRTOS/Source/portable/GCC/ARM_CM4F/port.o
 .text.pvPortMalloc
                0x0800e7c8      0x19c ./Middlewares/Third_Party/FreeRTOS/Source/portable/MemMang/heap_4.o
                0x0800e7c8                pvPortMalloc
 .text.vPortFree
                0x0800e964       0xc8 ./Middlewares/Third_Party/FreeRTOS/Source/portable/MemMang/heap_4.o
                0x0800e964                vPortFree
 .text.prvHeapInit
                0x0800ea2c       0xc4 ./Middlewares/Third_Party/FreeRTOS/Source/portable/MemMang/heap_4.o
 .text.prvInsertBlockIntoFreeList
                0x0800eaf0       0xb4 ./Middlewares/Third_Party/FreeRTOS/Source/portable/MemMang/heap_4.o
 .text.atoi     0x0800eba4        0x8 E:/STM32CubeIDE_2.2.0/STM32CubeIDE/plugins/com.st.stm32cube.ide.mcu.externaltools.gnu-tools-for-stm32.14.3.rel1.win32_1.0.100.202602081740/tools/bin/../lib/gcc/arm-none-eabi/14.3.1/../../../../arm-none-eabi/lib/thumb/v7e-m+fp/hard\libc_nano.a(libc_a-atoi.o)
                0x0800eba4                atoi
 .text._strtol_l.isra.0
                0x0800ebac       0xf4 E:/STM32CubeIDE_2.2.0/STM32CubeIDE/plugins/com.st.stm32cube.ide.mcu.externaltools.gnu-tools-for-stm32.14.3.rel1.win32_1.0.100.202602081740/tools/bin/../lib/gcc/arm-none-eabi/14.3.1/../../../../arm-none-eabi/lib/thumb/v7e-m+fp/hard\libc_nano.a(libc_a-strtol.o)
 .text.strtol   0x0800eca0       0x14 E:/STM32CubeIDE_2.2.0/STM32CubeIDE/plugins/com.st.stm32cube.ide.mcu.externaltools.gnu-tools-for-stm32.14.3.rel1.win32_1.0.100.202602081740/tools/bin/../lib/gcc/arm-none-eabi/14.3.1/../../../../arm-none-eabi/lib/thumb/v7e-m+fp/hard\libc_nano.a(libc_a-strtol.o)
                0x0800eca0                strtol
 .text.__cvt    0x0800ecb4       0xca E:/STM32CubeIDE_2.2.0/STM32CubeIDE/plugins/com.st.stm32cube.ide.mcu.externaltools.gnu-tools-for-stm32.14.3.rel1.win32_1.0.100.202602081740/tools/bin/../lib/gcc/arm-none-eabi/14.3.1/../../../../arm-none-eabi/lib/thumb/v7e-m+fp/hard\libc_nano.a(libc_a-nano-vfprintf_float.o)
                0x0800ecb4                __cvt
 .text.__exponent
                0x0800ed7e       0x74 E:/STM32CubeIDE_2.2.0/STM32CubeIDE/plugins/com.st.stm32cube.ide.mcu.externaltools.gnu-tools-for-stm32.14.3.rel1.win32_1.0.100.202602081740/tools/bin/../lib/gcc/arm-none-eabi/14.3.1/../../../../arm-none-eabi/lib/thumb/v7e-m+fp/hard\libc_nano.a(libc_a-nano-vfprintf_float.o)
                0x0800ed7e                __exponent
 *fill*         0x0800edf2        0x2 
 .text._printf_float
                0x0800edf4      0x450 E:/STM32CubeIDE_2.2.0/STM32CubeIDE/plugins/com.st.stm32cube.ide.mcu.externaltools.gnu-tools-for-stm32.14.3.rel1.win32_1.0.100.202602081740/tools/bin/../lib/gcc/arm-none-eabi/14.3.1/../../../../arm-none-eabi/lib/thumb/v7e-m+fp/hard\libc_nano.a(libc_a-nano-vfprintf_float.o)
                0x0800edf4                _printf_float
 .text._printf_common
                0x0800f244       0xda E:/STM32CubeIDE_2.2.0/STM32CubeIDE/plugins/com.st.stm32cube.ide.mcu.externaltools.gnu-tools-for-stm32.14.3.rel1.win32_1.0.100.202602081740/tools/bin/../lib/gcc/arm-none-eabi/14.3.1/../../../../arm-none-eabi/lib/thumb/v7e-m+fp/hard\libc_nano.a(libc_a-nano-vfprintf_i.o)
                0x0800f244                _printf_common
 *fill*         0x0800f31e        0x2 
 .text._printf_i
                0x0800f320      0x24c E:/STM32CubeIDE_2.2.0/STM32CubeIDE/plugins/com.st.stm32cube.ide.mcu.externaltools.gnu-tools-for-stm32.14.3.rel1.win32_1.0.100.202602081740/tools/bin/../lib/gcc/arm-none-eabi/14.3.1/../../../../arm-none-eabi/lib/thumb/v7e-m+fp/hard\libc_nano.a(libc_a-nano-vfprintf_i.o)
                0x0800f320                _printf_i
 .text.std      0x0800f56c       0x6c E:/STM32CubeIDE_2.2.0/STM32CubeIDE/plugins/com.st.stm32cube.ide.mcu.externaltools.gnu-tools-for-stm32.14.3.rel1.win32_1.0.100.202602081740/tools/bin/../lib/gcc/arm-none-eabi/14.3.1/../../../../arm-none-eabi/lib/thumb/v7e-m+fp/hard\libc_nano.a(libc_a-findfp.o)
 .text.stdio_exit_handler
                0x0800f5d8       0x18 E:/STM32CubeIDE_2.2.0/STM32CubeIDE/plugins/com.st.stm32cube.ide.mcu.externaltools.gnu-tools-for-stm32.14.3.rel1.win32_1.0.100.202602081740/tools/bin/../lib/gcc/arm-none-eabi/14.3.1/../../../../arm-none-eabi/lib/thumb/v7e-m+fp/hard\libc_nano.a(libc_a-findfp.o)
 .text.cleanup_stdio
                0x0800f5f0       0x40 E:/STM32CubeIDE_2.2.0/STM32CubeIDE/plugins/com.st.stm32cube.ide.mcu.externaltools.gnu-tools-for-stm32.14.3.rel1.win32_1.0.100.202602081740/tools/bin/../lib/gcc/arm-none-eabi/14.3.1/../../../../arm-none-eabi/lib/thumb/v7e-m+fp/hard\libc_nano.a(libc_a-findfp.o)
 .text.global_stdio_init.part.0
                0x0800f630       0x40 E:/STM32CubeIDE_2.2.0/STM32CubeIDE/plugins/com.st.stm32cube.ide.mcu.externaltools.gnu-tools-for-stm32.14.3.rel1.win32_1.0.100.202602081740/tools/bin/../lib/gcc/arm-none-eabi/14.3.1/../../../../arm-none-eabi/lib/thumb/v7e-m+fp/hard\libc_nano.a(libc_a-findfp.o)
 .text.__sfp_lock_acquire
                0x0800f670        0xc E:/STM32CubeIDE_2.2.0/STM32CubeIDE/plugins/com.st.stm32cube.ide.mcu.externaltools.gnu-tools-for-stm32.14.3.rel1.win32_1.0.100.202602081740/tools/bin/../lib/gcc/arm-none-eabi/14.3.1/../../../../arm-none-eabi/lib/thumb/v7e-m+fp/hard\libc_nano.a(libc_a-findfp.o)
                0x0800f670                __sfp_lock_acquire
 .text.__sfp_lock_release
                0x0800f67c        0xc E:/STM32CubeIDE_2.2.0/STM32CubeIDE/plugins/com.st.stm32cube.ide.mcu.externaltools.gnu-tools-for-stm32.14.3.rel1.win32_1.0.100.202602081740/tools/bin/../lib/gcc/arm-none-eabi/14.3.1/../../../../arm-none-eabi/lib/thumb/v7e-m+fp/hard\libc_nano.a(libc_a-findfp.o)
                0x0800f67c                __sfp_lock_release
 .text.__sinit  0x0800f688       0x30 E:/STM32CubeIDE_2.2.0/STM32CubeIDE/plugins/com.st.stm32cube.ide.mcu.externaltools.gnu-tools-for-stm32.14.3.rel1.win32_1.0.100.202602081740/tools/bin/../lib/gcc/arm-none-eabi/14.3.1/../../../../arm-none-eabi/lib/thumb/v7e-m+fp/hard\libc_nano.a(libc_a-findfp.o)
                0x0800f688                __sinit
 .text._fwalk_sglue
                0x0800f6b8       0x3c E:/STM32CubeIDE_2.2.0/STM32CubeIDE/plugins/com.st.stm32cube.ide.mcu.externaltools.gnu-tools-for-stm32.14.3.rel1.win32_1.0.100.202602081740/tools/bin/../lib/gcc/arm-none-eabi/14.3.1/../../../../arm-none-eabi/lib/thumb/v7e-m+fp/hard\libc_nano.a(libc_a-fwalk.o)
                0x0800f6b8                _fwalk_sglue
 .text.snprintf
                0x0800f6f4       0x6c E:/STM32CubeIDE_2.2.0/STM32CubeIDE/plugins/com.st.stm32cube.ide.mcu.externaltools.gnu-tools-for-stm32.14.3.rel1.win32_1.0.100.202602081740/tools/bin/../lib/gcc/arm-none-eabi/14.3.1/../../../../arm-none-eabi/lib/thumb/v7e-m+fp/hard\libc_nano.a(libc_a-snprintf.o)
                0x0800f6f4                sniprintf
                0x0800f6f4                snprintf
 .text.__sread  0x0800f760       0x22 E:/STM32CubeIDE_2.2.0/STM32CubeIDE/plugins/com.st.stm32cube.ide.mcu.externaltools.gnu-tools-for-stm32.14.3.rel1.win32_1.0.100.202602081740/tools/bin/../lib/gcc/arm-none-eabi/14.3.1/../../../../arm-none-eabi/lib/thumb/v7e-m+fp/hard\libc_nano.a(libc_a-stdio.o)
                0x0800f760                __sread
 .text.__swrite
                0x0800f782       0x38 E:/STM32CubeIDE_2.2.0/STM32CubeIDE/plugins/com.st.stm32cube.ide.mcu.externaltools.gnu-tools-for-stm32.14.3.rel1.win32_1.0.100.202602081740/tools/bin/../lib/gcc/arm-none-eabi/14.3.1/../../../../arm-none-eabi/lib/thumb/v7e-m+fp/hard\libc_nano.a(libc_a-stdio.o)
                0x0800f782                __swrite
 .text.__sseek  0x0800f7ba       0x26 E:/STM32CubeIDE_2.2.0/STM32CubeIDE/plugins/com.st.stm32cube.ide.mcu.externaltools.gnu-tools-for-stm32.14.3.rel1.win32_1.0.100.202602081740/tools/bin/../lib/gcc/arm-none-eabi/14.3.1/../../../../arm-none-eabi/lib/thumb/v7e-m+fp/hard\libc_nano.a(libc_a-stdio.o)
                0x0800f7ba                __sseek
 .text.__sclose
                0x0800f7e0        0x8 E:/STM32CubeIDE_2.2.0/STM32CubeIDE/plugins/com.st.stm32cube.ide.mcu.externaltools.gnu-tools-for-stm32.14.3.rel1.win32_1.0.100.202602081740/tools/bin/../lib/gcc/arm-none-eabi/14.3.1/../../../../arm-none-eabi/lib/thumb/v7e-m+fp/hard\libc_nano.a(libc_a-stdio.o)
                0x0800f7e0                __sclose
 .text.memset   0x0800f7e8       0x10 E:/STM32CubeIDE_2.2.0/STM32CubeIDE/plugins/com.st.stm32cube.ide.mcu.externaltools.gnu-tools-for-stm32.14.3.rel1.win32_1.0.100.202602081740/tools/bin/../lib/gcc/arm-none-eabi/14.3.1/../../../../arm-none-eabi/lib/thumb/v7e-m+fp/hard\libc_nano.a(libc_a-memset.o)
                0x0800f7e8                memset
 .text.strncmp  0x0800f7f8       0x24 E:/STM32CubeIDE_2.2.0/STM32CubeIDE/plugins/com.st.stm32cube.ide.mcu.externaltools.gnu-tools-for-stm32.14.3.rel1.win32_1.0.100.202602081740/tools/bin/../lib/gcc/arm-none-eabi/14.3.1/../../../../arm-none-eabi/lib/thumb/v7e-m+fp/hard\libc_nano.a(libc_a-strncmp.o)
                0x0800f7f8                strncmp
 .text.strncpy  0x0800f81c       0x26 E:/STM32CubeIDE_2.2.0/STM32CubeIDE/plugins/com.st.stm32cube.ide.mcu.externaltools.gnu-tools-for-stm32.14.3.rel1.win32_1.0.100.202602081740/tools/bin/../lib/gcc/arm-none-eabi/14.3.1/../../../../arm-none-eabi/lib/thumb/v7e-m+fp/hard\libc_nano.a(libc_a-strncpy.o)
                0x0800f81c                strncpy
 *fill*         0x0800f842        0x2 
 .text.strtok   0x0800f844       0x7c E:/STM32CubeIDE_2.2.0/STM32CubeIDE/plugins/com.st.stm32cube.ide.mcu.externaltools.gnu-tools-for-stm32.14.3.rel1.win32_1.0.100.202602081740/tools/bin/../lib/gcc/arm-none-eabi/14.3.1/../../../../arm-none-eabi/lib/thumb/v7e-m+fp/hard\libc_nano.a(libc_a-strtok.o)
                0x0800f844                strtok
 .text.__strtok_r
                0x0800f8c0       0x50 E:/STM32CubeIDE_2.2.0/STM32CubeIDE/plugins/com.st.stm32cube.ide.mcu.externaltools.gnu-tools-for-stm32.14.3.rel1.win32_1.0.100.202602081740/tools/bin/../lib/gcc/arm-none-eabi/14.3.1/../../../../arm-none-eabi/lib/thumb/v7e-m+fp/hard\libc_nano.a(libc_a-strtok_r.o)
                0x0800f8c0                __strtok_r
 .text._localeconv_r
                0x0800f910        0x8 E:/STM32CubeIDE_2.2.0/STM32CubeIDE/plugins/com.st.stm32cube.ide.mcu.externaltools.gnu-tools-for-stm32.14.3.rel1.win32_1.0.100.202602081740/tools/bin/../lib/gcc/arm-none-eabi/14.3.1/../../../../arm-none-eabi/lib/thumb/v7e-m+fp/hard\libc_nano.a(libc_a-localeconv.o)
                0x0800f910                _localeconv_r
 .text._close_r
                0x0800f918       0x20 E:/STM32CubeIDE_2.2.0/STM32CubeIDE/plugins/com.st.stm32cube.ide.mcu.externaltools.gnu-tools-for-stm32.14.3.rel1.win32_1.0.100.202602081740/tools/bin/../lib/gcc/arm-none-eabi/14.3.1/../../../../arm-none-eabi/lib/thumb/v7e-m+fp/hard\libc_nano.a(libc_a-closer.o)
                0x0800f918                _close_r
 .text._lseek_r
                0x0800f938       0x24 E:/STM32CubeIDE_2.2.0/STM32CubeIDE/plugins/com.st.stm32cube.ide.mcu.externaltools.gnu-tools-for-stm32.14.3.rel1.win32_1.0.100.202602081740/tools/bin/../lib/gcc/arm-none-eabi/14.3.1/../../../../arm-none-eabi/lib/thumb/v7e-m+fp/hard\libc_nano.a(libc_a-lseekr.o)
                0x0800f938                _lseek_r
 .text._read_r  0x0800f95c       0x24 E:/STM32CubeIDE_2.2.0/STM32CubeIDE/plugins/com.st.stm32cube.ide.mcu.externaltools.gnu-tools-for-stm32.14.3.rel1.win32_1.0.100.202602081740/tools/bin/../lib/gcc/arm-none-eabi/14.3.1/../../../../arm-none-eabi/lib/thumb/v7e-m+fp/hard\libc_nano.a(libc_a-readr.o)
                0x0800f95c                _read_r
 .text._write_r
                0x0800f980       0x24 E:/STM32CubeIDE_2.2.0/STM32CubeIDE/plugins/com.st.stm32cube.ide.mcu.externaltools.gnu-tools-for-stm32.14.3.rel1.win32_1.0.100.202602081740/tools/bin/../lib/gcc/arm-none-eabi/14.3.1/../../../../arm-none-eabi/lib/thumb/v7e-m+fp/hard\libc_nano.a(libc_a-writer.o)
                0x0800f980                _write_r
 .text.__errno  0x0800f9a4        0xc E:/STM32CubeIDE_2.2.0/STM32CubeIDE/plugins/com.st.stm32cube.ide.mcu.externaltools.gnu-tools-for-stm32.14.3.rel1.win32_1.0.100.202602081740/tools/bin/../lib/gcc/arm-none-eabi/14.3.1/../../../../arm-none-eabi/lib/thumb/v7e-m+fp/hard\libc_nano.a(libc_a-errno.o)
                0x0800f9a4                __errno
 .text.__libc_init_array
                0x0800f9b0       0x48 E:/STM32CubeIDE_2.2.0/STM32CubeIDE/plugins/com.st.stm32cube.ide.mcu.externaltools.gnu-tools-for-stm32.14.3.rel1.win32_1.0.100.202602081740/tools/bin/../lib/gcc/arm-none-eabi/14.3.1/../../../../arm-none-eabi/lib/thumb/v7e-m+fp/hard\libc_nano.a(libc_a-init.o)
                0x0800f9b0                __libc_init_array
 .text.__retarget_lock_init_recursive
                0x0800f9f8        0x2 E:/STM32CubeIDE_2.2.0/STM32CubeIDE/plugins/com.st.stm32cube.ide.mcu.externaltools.gnu-tools-for-stm32.14.3.rel1.win32_1.0.100.202602081740/tools/bin/../lib/gcc/arm-none-eabi/14.3.1/../../../../arm-none-eabi/lib/thumb/v7e-m+fp/hard\libc_nano.a(libc_a-lock.o)
                0x0800f9f8                __retarget_lock_init_recursive
 .text.__retarget_lock_acquire_recursive
                0x0800f9fa        0x2 E:/STM32CubeIDE_2.2.0/STM32CubeIDE/plugins/com.st.stm32cube.ide.mcu.externaltools.gnu-tools-for-stm32.14.3.rel1.win32_1.0.100.202602081740/tools/bin/../lib/gcc/arm-none-eabi/14.3.1/../../../../arm-none-eabi/lib/thumb/v7e-m+fp/hard\libc_nano.a(libc_a-lock.o)
                0x0800f9fa                __retarget_lock_acquire_recursive
 .text.__retarget_lock_release_recursive
                0x0800f9fc        0x2 E:/STM32CubeIDE_2.2.0/STM32CubeIDE/plugins/com.st.stm32cube.ide.mcu.externaltools.gnu-tools-for-stm32.14.3.rel1.win32_1.0.100.202602081740/tools/bin/../lib/gcc/arm-none-eabi/14.3.1/../../../../arm-none-eabi/lib/thumb/v7e-m+fp/hard\libc_nano.a(libc_a-lock.o)
                0x0800f9fc                __retarget_lock_release_recursive
 .text.memcpy   0x0800f9fe       0x1c E:/STM32CubeIDE_2.2.0/STM32CubeIDE/plugins/com.st.stm32cube.ide.mcu.externaltools.gnu-tools-for-stm32.14.3.rel1.win32_1.0.100.202602081740/tools/bin/../lib/gcc/arm-none-eabi/14.3.1/../../../../arm-none-eabi/lib/thumb/v7e-m+fp/hard\libc_nano.a(libc_a-memcpy-stub.o)
                0x0800f9fe                memcpy
 *fill*         0x0800fa1a        0x2 
 .text.__assert_func
                0x0800fa1c       0x3c E:/STM32CubeIDE_2.2.0/STM32CubeIDE/plugins/com.st.stm32cube.ide.mcu.externaltools.gnu-tools-for-stm32.14.3.rel1.win32_1.0.100.202602081740/tools/bin/../lib/gcc/arm-none-eabi/14.3.1/../../../../arm-none-eabi/lib/thumb/v7e-m+fp/hard\libc_nano.a(libc_a-assert.o)
                0x0800fa1c                __assert_func
 .text.quorem   0x0800fa58      0x110 E:/STM32CubeIDE_2.2.0/STM32CubeIDE/plugins/com.st.stm32cube.ide.mcu.externaltools.gnu-tools-for-stm32.14.3.rel1.win32_1.0.100.202602081740/tools/bin/../lib/gcc/arm-none-eabi/14.3.1/../../../../arm-none-eabi/lib/thumb/v7e-m+fp/hard\libc_nano.a(libc_a-dtoa.o)
 .text._dtoa_r  0x0800fb68      0xbb8 E:/STM32CubeIDE_2.2.0/STM32CubeIDE/plugins/com.st.stm32cube.ide.mcu.externaltools.gnu-tools-for-stm32.14.3.rel1.win32_1.0.100.202602081740/tools/bin/../lib/gcc/arm-none-eabi/14.3.1/../../../../arm-none-eabi/lib/thumb/v7e-m+fp/hard\libc_nano.a(libc_a-dtoa.o)
                0x0800fb68                _dtoa_r
 .text._free_r  0x08010720       0x94 E:/STM32CubeIDE_2.2.0/STM32CubeIDE/plugins/com.st.stm32cube.ide.mcu.externaltools.gnu-tools-for-stm32.14.3.rel1.win32_1.0.100.202602081740/tools/bin/../lib/gcc/arm-none-eabi/14.3.1/../../../../arm-none-eabi/lib/thumb/v7e-m+fp/hard\libc_nano.a(libc_a-freer.o)
                0x08010720                _free_r
 .text.malloc   0x080107b4       0x10 E:/STM32CubeIDE_2.2.0/STM32CubeIDE/plugins/com.st.stm32cube.ide.mcu.externaltools.gnu-tools-for-stm32.14.3.rel1.win32_1.0.100.202602081740/tools/bin/../lib/gcc/arm-none-eabi/14.3.1/../../../../arm-none-eabi/lib/thumb/v7e-m+fp/hard\libc_nano.a(libc_a-malloc.o)
                0x080107b4                malloc
 .text.sbrk_aligned
                0x080107c4       0x44 E:/STM32CubeIDE_2.2.0/STM32CubeIDE/plugins/com.st.stm32cube.ide.mcu.externaltools.gnu-tools-for-stm32.14.3.rel1.win32_1.0.100.202602081740/tools/bin/../lib/gcc/arm-none-eabi/14.3.1/../../../../arm-none-eabi/lib/thumb/v7e-m+fp/hard\libc_nano.a(libc_a-mallocr.o)
 .text._malloc_r
                0x08010808      0x100 E:/STM32CubeIDE_2.2.0/STM32CubeIDE/plugins/com.st.stm32cube.ide.mcu.externaltools.gnu-tools-for-stm32.14.3.rel1.win32_1.0.100.202602081740/tools/bin/../lib/gcc/arm-none-eabi/14.3.1/../../../../arm-none-eabi/lib/thumb/v7e-m+fp/hard\libc_nano.a(libc_a-mallocr.o)
                0x08010808                _malloc_r
 .text.__malloc_lock
                0x08010908        0xc E:/STM32CubeIDE_2.2.0/STM32CubeIDE/plugins/com.st.stm32cube.ide.mcu.externaltools.gnu-tools-for-stm32.14.3.rel1.win32_1.0.100.202602081740/tools/bin/../lib/gcc/arm-none-eabi/14.3.1/../../../../arm-none-eabi/lib/thumb/v7e-m+fp/hard\libc_nano.a(libc_a-mlock.o)
                0x08010908                __malloc_lock
 .text.__malloc_unlock
                0x08010914        0xc E:/STM32CubeIDE_2.2.0/STM32CubeIDE/plugins/com.st.stm32cube.ide.mcu.externaltools.gnu-tools-for-stm32.14.3.rel1.win32_1.0.100.202602081740/tools/bin/../lib/gcc/arm-none-eabi/14.3.1/../../../../arm-none-eabi/lib/thumb/v7e-m+fp/hard\libc_nano.a(libc_a-mlock.o)
                0x08010914                __malloc_unlock
 .text._Balloc  0x08010920       0x7c E:/STM32CubeIDE_2.2.0/STM32CubeIDE/plugins/com.st.stm32cube.ide.mcu.externaltools.gnu-tools-for-stm32.14.3.rel1.win32_1.0.100.202602081740/tools/bin/../lib/gcc/arm-none-eabi/14.3.1/../../../../arm-none-eabi/lib/thumb/v7e-m+fp/hard\libc_nano.a(libc_a-mprec.o)
                0x08010920                _Balloc
 .text._Bfree   0x0801099c       0x44 E:/STM32CubeIDE_2.2.0/STM32CubeIDE/plugins/com.st.stm32cube.ide.mcu.externaltools.gnu-tools-for-stm32.14.3.rel1.win32_1.0.100.202602081740/tools/bin/../lib/gcc/arm-none-eabi/14.3.1/../../../../arm-none-eabi/lib/thumb/v7e-m+fp/hard\libc_nano.a(libc_a-mprec.o)
                0x0801099c                _Bfree
 .text.__multadd
                0x080109e0       0x8c E:/STM32CubeIDE_2.2.0/STM32CubeIDE/plugins/com.st.stm32cube.ide.mcu.externaltools.gnu-tools-for-stm32.14.3.rel1.win32_1.0.100.202602081740/tools/bin/../lib/gcc/arm-none-eabi/14.3.1/../../../../arm-none-eabi/lib/thumb/v7e-m+fp/hard\libc_nano.a(libc_a-mprec.o)
                0x080109e0                __multadd
 .text.__hi0bits
                0x08010a6c       0x3e E:/STM32CubeIDE_2.2.0/STM32CubeIDE/plugins/com.st.stm32cube.ide.mcu.externaltools.gnu-tools-for-stm32.14.3.rel1.win32_1.0.100.202602081740/tools/bin/../lib/gcc/arm-none-eabi/14.3.1/../../../../arm-none-eabi/lib/thumb/v7e-m+fp/hard\libc_nano.a(libc_a-mprec.o)
                0x08010a6c                __hi0bits
 .text.__lo0bits
                0x08010aaa       0x5a E:/STM32CubeIDE_2.2.0/STM32CubeIDE/plugins/com.st.stm32cube.ide.mcu.externaltools.gnu-tools-for-stm32.14.3.rel1.win32_1.0.100.202602081740/tools/bin/../lib/gcc/arm-none-eabi/14.3.1/../../../../arm-none-eabi/lib/thumb/v7e-m+fp/hard\libc_nano.a(libc_a-mprec.o)
                0x08010aaa                __lo0bits
 .text.__i2b    0x08010b04       0x2c E:/STM32CubeIDE_2.2.0/STM32CubeIDE/plugins/com.st.stm32cube.ide.mcu.externaltools.gnu-tools-for-stm32.14.3.rel1.win32_1.0.100.202602081740/tools/bin/../lib/gcc/arm-none-eabi/14.3.1/../../../../arm-none-eabi/lib/thumb/v7e-m+fp/hard\libc_nano.a(libc_a-mprec.o)
                0x08010b04                __i2b
 .text.__multiply
                0x08010b30      0x154 E:/STM32CubeIDE_2.2.0/STM32CubeIDE/plugins/com.st.stm32cube.ide.mcu.externaltools.gnu-tools-for-stm32.14.3.rel1.win32_1.0.100.202602081740/tools/bin/../lib/gcc/arm-none-eabi/14.3.1/../../../../arm-none-eabi/lib/thumb/v7e-m+fp/hard\libc_nano.a(libc_a-mprec.o)
                0x08010b30                __multiply
 .text.__pow5mult
                0x08010c84       0xb8 E:/STM32CubeIDE_2.2.0/STM32CubeIDE/plugins/com.st.stm32cube.ide.mcu.externaltools.gnu-tools-for-stm32.14.3.rel1.win32_1.0.100.202602081740/tools/bin/../lib/gcc/arm-none-eabi/14.3.1/../../../../arm-none-eabi/lib/thumb/v7e-m+fp/hard\libc_nano.a(libc_a-mprec.o)
                0x08010c84                __pow5mult
 .text.__lshift
                0x08010d3c       0xdc E:/STM32CubeIDE_2.2.0/STM32CubeIDE/plugins/com.st.stm32cube.ide.mcu.externaltools.gnu-tools-for-stm32.14.3.rel1.win32_1.0.100.202602081740/tools/bin/../lib/gcc/arm-none-eabi/14.3.1/../../../../arm-none-eabi/lib/thumb/v7e-m+fp/hard\libc_nano.a(libc_a-mprec.o)
                0x08010d3c                __lshift
 .text.__mcmp   0x08010e18       0x36 E:/STM32CubeIDE_2.2.0/STM32CubeIDE/plugins/com.st.stm32cube.ide.mcu.externaltools.gnu-tools-for-stm32.14.3.rel1.win32_1.0.100.202602081740/tools/bin/../lib/gcc/arm-none-eabi/14.3.1/../../../../arm-none-eabi/lib/thumb/v7e-m+fp/hard\libc_nano.a(libc_a-mprec.o)
                0x08010e18                __mcmp
 *fill*         0x08010e4e        0x2 
 .text.__mdiff  0x08010e50      0x130 E:/STM32CubeIDE_2.2.0/STM32CubeIDE/plugins/com.st.stm32cube.ide.mcu.externaltools.gnu-tools-for-stm32.14.3.rel1.win32_1.0.100.202602081740/tools/bin/../lib/gcc/arm-none-eabi/14.3.1/../../../../arm-none-eabi/lib/thumb/v7e-m+fp/hard\libc_nano.a(libc_a-mprec.o)
                0x08010e50                __mdiff
 .text.__d2b    0x08010f80       0xb0 E:/STM32CubeIDE_2.2.0/STM32CubeIDE/plugins/com.st.stm32cube.ide.mcu.externaltools.gnu-tools-for-stm32.14.3.rel1.win32_1.0.100.202602081740/tools/bin/../lib/gcc/arm-none-eabi/14.3.1/../../../../arm-none-eabi/lib/thumb/v7e-m+fp/hard\libc_nano.a(libc_a-mprec.o)
                0x08010f80                __d2b
 .text.__ssputs_r
                0x08011030       0xc0 E:/STM32CubeIDE_2.2.0/STM32CubeIDE/plugins/com.st.stm32cube.ide.mcu.externaltools.gnu-tools-for-stm32.14.3.rel1.win32_1.0.100.202602081740/tools/bin/../lib/gcc/arm-none-eabi/14.3.1/../../../../arm-none-eabi/lib/thumb/v7e-m+fp/hard\libc_nano.a(libc_a-nano-svfprintf.o)
                0x08011030                __ssputs_r
 .text._svfprintf_r
                0x080110f0      0x1f0 E:/STM32CubeIDE_2.2.0/STM32CubeIDE/plugins/com.st.stm32cube.ide.mcu.externaltools.gnu-tools-for-stm32.14.3.rel1.win32_1.0.100.202602081740/tools/bin/../lib/gcc/arm-none-eabi/14.3.1/../../../../arm-none-eabi/lib/thumb/v7e-m+fp/hard\libc_nano.a(libc_a-nano-svfprintf.o)
                0x080110f0                _svfiprintf_r
                0x080110f0                _svfprintf_r
 .text.__sflush_r
                0x080112e0      0x104 E:/STM32CubeIDE_2.2.0/STM32CubeIDE/plugins/com.st.stm32cube.ide.mcu.externaltools.gnu-tools-for-stm32.14.3.rel1.win32_1.0.100.202602081740/tools/bin/../lib/gcc/arm-none-eabi/14.3.1/../../../../arm-none-eabi/lib/thumb/v7e-m+fp/hard\libc_nano.a(libc_a-fflush.o)
                0x080112e0                __sflush_r
 .text._fflush_r
                0x080113e4       0x50 E:/STM32CubeIDE_2.2.0/STM32CubeIDE/plugins/com.st.stm32cube.ide.mcu.externaltools.gnu-tools-for-stm32.14.3.rel1.win32_1.0.100.202602081740/tools/bin/../lib/gcc/arm-none-eabi/14.3.1/../../../../arm-none-eabi/lib/thumb/v7e-m+fp/hard\libc_nano.a(libc_a-fflush.o)
                0x080113e4                _fflush_r
 .text.fprintf  0x08011434       0x24 E:/STM32CubeIDE_2.2.0/STM32CubeIDE/plugins/com.st.stm32cube.ide.mcu.externaltools.gnu-tools-for-stm32.14.3.rel1.win32_1.0.100.202602081740/tools/bin/../lib/gcc/arm-none-eabi/14.3.1/../../../../arm-none-eabi/lib/thumb/v7e-m+fp/hard\libc_nano.a(libc_a-fprintf.o)
                0x08011434                fiprintf
                0x08011434                fprintf
 .text.memmove  0x08011458       0x32 E:/STM32CubeIDE_2.2.0/STM32CubeIDE/plugins/com.st.stm32cube.ide.mcu.externaltools.gnu-tools-for-stm32.14.3.rel1.win32_1.0.100.202602081740/tools/bin/../lib/gcc/arm-none-eabi/14.3.1/../../../../arm-none-eabi/lib/thumb/v7e-m+fp/hard\libc_nano.a(libc_a-memmove.o)
                0x08011458                memmove
 *fill*         0x0801148a        0x2 
 .text._sbrk_r  0x0801148c       0x20 E:/STM32CubeIDE_2.2.0/STM32CubeIDE/plugins/com.st.stm32cube.ide.mcu.externaltools.gnu-tools-for-stm32.14.3.rel1.win32_1.0.100.202602081740/tools/bin/../lib/gcc/arm-none-eabi/14.3.1/../../../../arm-none-eabi/lib/thumb/v7e-m+fp/hard\libc_nano.a(libc_a-sbrkr.o)
                0x0801148c                _sbrk_r
 .text.abort    0x080114ac        0xe E:/STM32CubeIDE_2.2.0/STM32CubeIDE/plugins/com.st.stm32cube.ide.mcu.externaltools.gnu-tools-for-stm32.14.3.rel1.win32_1.0.100.202602081740/tools/bin/../lib/gcc/arm-none-eabi/14.3.1/../../../../arm-none-eabi/lib/thumb/v7e-m+fp/hard\libc_nano.a(libc_a-abort.o)
                0x080114ac                abort
 .text._calloc_r
                0x080114ba       0x28 E:/STM32CubeIDE_2.2.0/STM32CubeIDE/plugins/com.st.stm32cube.ide.mcu.externaltools.gnu-tools-for-stm32.14.3.rel1.win32_1.0.100.202602081740/tools/bin/../lib/gcc/arm-none-eabi/14.3.1/../../../../arm-none-eabi/lib/thumb/v7e-m+fp/hard\libc_nano.a(libc_a-callocr.o)
                0x080114ba                _calloc_r
 .text.__ascii_mbtowc
                0x080114e2       0x24 E:/STM32CubeIDE_2.2.0/STM32CubeIDE/plugins/com.st.stm32cube.ide.mcu.externaltools.gnu-tools-for-stm32.14.3.rel1.win32_1.0.100.202602081740/tools/bin/../lib/gcc/arm-none-eabi/14.3.1/../../../../arm-none-eabi/lib/thumb/v7e-m+fp/hard\libc_nano.a(libc_a-mbtowc_r.o)
                0x080114e2                __ascii_mbtowc
 .text._realloc_r
                0x08011506       0x5c E:/STM32CubeIDE_2.2.0/STM32CubeIDE/plugins/com.st.stm32cube.ide.mcu.externaltools.gnu-tools-for-stm32.14.3.rel1.win32_1.0.100.202602081740/tools/bin/../lib/gcc/arm-none-eabi/14.3.1/../../../../arm-none-eabi/lib/thumb/v7e-m+fp/hard\libc_nano.a(libc_a-reallocr.o)
                0x08011506                _realloc_r
 .text.__ascii_wctomb
                0x08011562       0x1a E:/STM32CubeIDE_2.2.0/STM32CubeIDE/plugins/com.st.stm32cube.ide.mcu.externaltools.gnu-tools-for-stm32.14.3.rel1.win32_1.0.100.202602081740/tools/bin/../lib/gcc/arm-none-eabi/14.3.1/../../../../arm-none-eabi/lib/thumb/v7e-m+fp/hard\libc_nano.a(libc_a-wctomb_r.o)
                0x08011562                __ascii_wctomb
 .text.__sfputc_r
                0x0801157c       0x2e E:/STM32CubeIDE_2.2.0/STM32CubeIDE/plugins/com.st.stm32cube.ide.mcu.externaltools.gnu-tools-for-stm32.14.3.rel1.win32_1.0.100.202602081740/tools/bin/../lib/gcc/arm-none-eabi/14.3.1/../../../../arm-none-eabi/lib/thumb/v7e-m+fp/hard\libc_nano.a(libc_a-nano-vfprintf.o)
 .text.__sfputs_r
                0x080115aa       0x24 E:/STM32CubeIDE_2.2.0/STM32CubeIDE/plugins/com.st.stm32cube.ide.mcu.externaltools.gnu-tools-for-stm32.14.3.rel1.win32_1.0.100.202602081740/tools/bin/../lib/gcc/arm-none-eabi/14.3.1/../../../../arm-none-eabi/lib/thumb/v7e-m+fp/hard\libc_nano.a(libc_a-nano-vfprintf.o)
                0x080115aa                __sfputs_r
 *fill*         0x080115ce        0x2 
 .text._vfprintf_r
                0x080115d0      0x228 E:/STM32CubeIDE_2.2.0/STM32CubeIDE/plugins/com.st.stm32cube.ide.mcu.externaltools.gnu-tools-for-stm32.14.3.rel1.win32_1.0.100.202602081740/tools/bin/../lib/gcc/arm-none-eabi/14.3.1/../../../../arm-none-eabi/lib/thumb/v7e-m+fp/hard\libc_nano.a(libc_a-nano-vfprintf.o)
                0x080115d0                _vfprintf_r
                0x080115d0                _vfiprintf_r
 .text.__swbuf_r
                0x080117f8       0x7c E:/STM32CubeIDE_2.2.0/STM32CubeIDE/plugins/com.st.stm32cube.ide.mcu.externaltools.gnu-tools-for-stm32.14.3.rel1.win32_1.0.100.202602081740/tools/bin/../lib/gcc/arm-none-eabi/14.3.1/../../../../arm-none-eabi/lib/thumb/v7e-m+fp/hard\libc_nano.a(libc_a-wbuf.o)
                0x080117f8                __swbuf_r
 .text.__swsetup_r
                0x08011874       0xa8 E:/STM32CubeIDE_2.2.0/STM32CubeIDE/plugins/com.st.stm32cube.ide.mcu.externaltools.gnu-tools-for-stm32.14.3.rel1.win32_1.0.100.202602081740/tools/bin/../lib/gcc/arm-none-eabi/14.3.1/../../../../arm-none-eabi/lib/thumb/v7e-m+fp/hard\libc_nano.a(libc_a-wsetup.o)
                0x08011874                __swsetup_r
 .text._raise_r
                0x0801191c       0x50 E:/STM32CubeIDE_2.2.0/STM32CubeIDE/plugins/com.st.stm32cube.ide.mcu.externaltools.gnu-tools-for-stm32.14.3.rel1.win32_1.0.100.202602081740/tools/bin/../lib/gcc/arm-none-eabi/14.3.1/../../../../arm-none-eabi/lib/thumb/v7e-m+fp/hard\libc_nano.a(libc_a-signal.o)
                0x0801191c                _raise_r
 .text.raise    0x0801196c       0x10 E:/STM32CubeIDE_2.2.0/STM32CubeIDE/plugins/com.st.stm32cube.ide.mcu.externaltools.gnu-tools-for-stm32.14.3.rel1.win32_1.0.100.202602081740/tools/bin/../lib/gcc/arm-none-eabi/14.3.1/../../../../arm-none-eabi/lib/thumb/v7e-m+fp/hard\libc_nano.a(libc_a-signal.o)
                0x0801196c                raise
 .text._kill_r  0x0801197c       0x24 E:/STM32CubeIDE_2.2.0/STM32CubeIDE/plugins/com.st.stm32cube.ide.mcu.externaltools.gnu-tools-for-stm32.14.3.rel1.win32_1.0.100.202602081740/tools/bin/../lib/gcc/arm-none-eabi/14.3.1/../../../../arm-none-eabi/lib/thumb/v7e-m+fp/hard\libc_nano.a(libc_a-signalr.o)
                0x0801197c                _kill_r
 .text._getpid_r
                0x080119a0        0x4 E:/STM32CubeIDE_2.2.0/STM32CubeIDE/plugins/com.st.stm32cube.ide.mcu.externaltools.gnu-tools-for-stm32.14.3.rel1.win32_1.0.100.202602081740/tools/bin/../lib/gcc/arm-none-eabi/14.3.1/../../../../arm-none-eabi/lib/thumb/v7e-m+fp/hard\libc_nano.a(libc_a-signalr.o)
                0x080119a0                _getpid_r
 .text._malloc_usable_size_r
                0x080119a4       0x10 E:/STM32CubeIDE_2.2.0/STM32CubeIDE/plugins/com.st.stm32cube.ide.mcu.externaltools.gnu-tools-for-stm32.14.3.rel1.win32_1.0.100.202602081740/tools/bin/../lib/gcc/arm-none-eabi/14.3.1/../../../../arm-none-eabi/lib/thumb/v7e-m+fp/hard\libc_nano.a(libc_a-msizer.o)
                0x080119a4                _malloc_usable_size_r
 .text.__swhatbuf_r
                0x080119b4       0x48 E:/STM32CubeIDE_2.2.0/STM32CubeIDE/plugins/com.st.stm32cube.ide.mcu.externaltools.gnu-tools-for-stm32.14.3.rel1.win32_1.0.100.202602081740/tools/bin/../lib/gcc/arm-none-eabi/14.3.1/../../../../arm-none-eabi/lib/thumb/v7e-m+fp/hard\libc_nano.a(libc_a-makebuf.o)
                0x080119b4                __swhatbuf_r
 .text.__smakebuf_r
                0x080119fc       0x72 E:/STM32CubeIDE_2.2.0/STM32CubeIDE/plugins/com.st.stm32cube.ide.mcu.externaltools.gnu-tools-for-stm32.14.3.rel1.win32_1.0.100.202602081740/tools/bin/../lib/gcc/arm-none-eabi/14.3.1/../../../../arm-none-eabi/lib/thumb/v7e-m+fp/hard\libc_nano.a(libc_a-makebuf.o)
                0x080119fc                __smakebuf_r
 *fill*         0x08011a6e        0x2 
 .text._fstat_r
                0x08011a70       0x24 E:/STM32CubeIDE_2.2.0/STM32CubeIDE/plugins/com.st.stm32cube.ide.mcu.externaltools.gnu-tools-for-stm32.14.3.rel1.win32_1.0.100.202602081740/tools/bin/../lib/gcc/arm-none-eabi/14.3.1/../../../../arm-none-eabi/lib/thumb/v7e-m+fp/hard\libc_nano.a(libc_a-fstatr.o)
                0x08011a70                _fstat_r
 .text._isatty_r
                0x08011a94       0x20 E:/STM32CubeIDE_2.2.0/STM32CubeIDE/plugins/com.st.stm32cube.ide.mcu.externaltools.gnu-tools-for-stm32.14.3.rel1.win32_1.0.100.202602081740/tools/bin/../lib/gcc/arm-none-eabi/14.3.1/../../../../arm-none-eabi/lib/thumb/v7e-m+fp/hard\libc_nano.a(libc_a-isattyr.o)
                0x08011a94                _isatty_r
 .text.powf     0x08011ab4       0xbc E:/STM32CubeIDE_2.2.0/STM32CubeIDE/plugins/com.st.stm32cube.ide.mcu.externaltools.gnu-tools-for-stm32.14.3.rel1.win32_1.0.100.202602081740/tools/bin/../lib/gcc/arm-none-eabi/14.3.1/../../../../arm-none-eabi/lib/thumb/v7e-m+fp/hard\libm.a(libm_a-wf_pow.o)
                0x08011ab4                powf
 .text.finitef  0x08011b70       0x14 E:/STM32CubeIDE_2.2.0/STM32CubeIDE/plugins/com.st.stm32cube.ide.mcu.externaltools.gnu-tools-for-stm32.14.3.rel1.win32_1.0.100.202602081740/tools/bin/../lib/gcc/arm-none-eabi/14.3.1/../../../../arm-none-eabi/lib/thumb/v7e-m+fp/hard\libm.a(libm_a-sf_finite.o)
                0x08011b70                finitef
 .text.lroundf  0x08011b84       0x68 E:/STM32CubeIDE_2.2.0/STM32CubeIDE/plugins/com.st.stm32cube.ide.mcu.externaltools.gnu-tools-for-stm32.14.3.rel1.win32_1.0.100.202602081740/tools/bin/../lib/gcc/arm-none-eabi/14.3.1/../../../../arm-none-eabi/lib/thumb/v7e-m+fp/hard\libm.a(libm_a-sf_lround.o)
                0x08011b84                lroundf
 .text.__ieee754_powf
                0x08011bec      0x6b8 E:/STM32CubeIDE_2.2.0/STM32CubeIDE/plugins/com.st.stm32cube.ide.mcu.externaltools.gnu-tools-for-stm32.14.3.rel1.win32_1.0.100.202602081740/tools/bin/../lib/gcc/arm-none-eabi/14.3.1/../../../../arm-none-eabi/lib/thumb/v7e-m+fp/hard\libm.a(libm_a-ef_pow.o)
                0x08011bec                __ieee754_powf
 .text.fabsf    0x080122a4       0x10 E:/STM32CubeIDE_2.2.0/STM32CubeIDE/plugins/com.st.stm32cube.ide.mcu.externaltools.gnu-tools-for-stm32.14.3.rel1.win32_1.0.100.202602081740/tools/bin/../lib/gcc/arm-none-eabi/14.3.1/../../../../arm-none-eabi/lib/thumb/v7e-m+fp/hard\libm.a(libm_a-sf_fabs.o)
                0x080122a4                fabsf
 .text.scalbnf  0x080122b4       0xdc E:/STM32CubeIDE_2.2.0/STM32CubeIDE/plugins/com.st.stm32cube.ide.mcu.externaltools.gnu-tools-for-stm32.14.3.rel1.win32_1.0.100.202602081740/tools/bin/../lib/gcc/arm-none-eabi/14.3.1/../../../../arm-none-eabi/lib/thumb/v7e-m+fp/hard\libm.a(libm_a-sf_scalbn.o)
                0x080122b4                scalbnf
 .text.with_errnof
                0x08012390       0x1c E:/STM32CubeIDE_2.2.0/STM32CubeIDE/plugins/com.st.stm32cube.ide.mcu.externaltools.gnu-tools-for-stm32.14.3.rel1.win32_1.0.100.202602081740/tools/bin/../lib/gcc/arm-none-eabi/14.3.1/../../../../arm-none-eabi/lib/thumb/v7e-m+fp/hard\libm.a(libm_a-math_errf.o)
 .text.xflowf   0x080123ac       0x20 E:/STM32CubeIDE_2.2.0/STM32CubeIDE/plugins/com.st.stm32cube.ide.mcu.externaltools.gnu-tools-for-stm32.14.3.rel1.win32_1.0.100.202602081740/tools/bin/../lib/gcc/arm-none-eabi/14.3.1/../../../../arm-none-eabi/lib/thumb/v7e-m+fp/hard\libm.a(libm_a-math_errf.o)
 .text.__math_uflowf
                0x080123cc        0xc E:/STM32CubeIDE_2.2.0/STM32CubeIDE/plugins/com.st.stm32cube.ide.mcu.externaltools.gnu-tools-for-stm32.14.3.rel1.win32_1.0.100.202602081740/tools/bin/../lib/gcc/arm-none-eabi/14.3.1/../../../../arm-none-eabi/lib/thumb/v7e-m+fp/hard\libm.a(libm_a-math_errf.o)
                0x080123cc                __math_uflowf
 .text.__math_oflowf
                0x080123d8        0xc E:/STM32CubeIDE_2.2.0/STM32CubeIDE/plugins/com.st.stm32cube.ide.mcu.externaltools.gnu-tools-for-stm32.14.3.rel1.win32_1.0.100.202602081740/tools/bin/../lib/gcc/arm-none-eabi/14.3.1/../../../../arm-none-eabi/lib/thumb/v7e-m+fp/hard\libm.a(libm_a-math_errf.o)
                0x080123d8                __math_oflowf
 .text.__ieee754_sqrtf
                0x080123e4        0x8 E:/STM32CubeIDE_2.2.0/STM32CubeIDE/plugins/com.st.stm32cube.ide.mcu.externaltools.gnu-tools-for-stm32.14.3.rel1.win32_1.0.100.202602081740/tools/bin/../lib/gcc/arm-none-eabi/14.3.1/../../../../arm-none-eabi/lib/thumb/v7e-m+fp/hard\libm.a(libm_a-ef_sqrt.o)
                0x080123e4                __ieee754_sqrtf
 *(.glue_7)
 .glue_7        0x080123ec        0x0 linker stubs
 *(.glue_7t)
 .glue_7t       0x080123ec        0x0 linker stubs
 *(.eh_frame)
 .eh_frame      0x080123ec        0x0 E:/STM32CubeIDE_2.2.0/STM32CubeIDE/plugins/com.st.stm32cube.ide.mcu.externaltools.gnu-tools-for-stm32.14.3.rel1.win32_1.0.100.202602081740/tools/bin/../lib/gcc/arm-none-eabi/14.3.1/thumb/v7e-m+fp/hard/crtbegin.o
 *(.init)
 .init          0x080123ec        0x4 E:/STM32CubeIDE_2.2.0/STM32CubeIDE/plugins/com.st.stm32cube.ide.mcu.externaltools.gnu-tools-for-stm32.14.3.rel1.win32_1.0.100.202602081740/tools/bin/../lib/gcc/arm-none-eabi/14.3.1/thumb/v7e-m+fp/hard/crti.o
                0x080123ec                _init
 .init          0x080123f0        0x8 E:/STM32CubeIDE_2.2.0/STM32CubeIDE/plugins/com.st.stm32cube.ide.mcu.externaltools.gnu-tools-for-stm32.14.3.rel1.win32_1.0.100.202602081740/tools/bin/../lib/gcc/arm-none-eabi/14.3.1/thumb/v7e-m+fp/hard/crtn.o
 *(.fini)
 .fini          0x080123f8        0x4 E:/STM32CubeIDE_2.2.0/STM32CubeIDE/plugins/com.st.stm32cube.ide.mcu.externaltools.gnu-tools-for-stm32.14.3.rel1.win32_1.0.100.202602081740/tools/bin/../lib/gcc/arm-none-eabi/14.3.1/thumb/v7e-m+fp/hard/crti.o
                0x080123f8                _fini
 .fini          0x080123fc        0x8 E:/STM32CubeIDE_2.2.0/STM32CubeIDE/plugins/com.st.stm32cube.ide.mcu.externaltools.gnu-tools-for-stm32.14.3.rel1.win32_1.0.100.202602081740/tools/bin/../lib/gcc/arm-none-eabi/14.3.1/thumb/v7e-m+fp/hard/crtn.o
                0x08012404                        . = ALIGN (0x4)
                0x08012404                        _etext = .

.vfp11_veneer   0x08012404        0x0
 .vfp11_veneer  0x08012404        0x0 linker stubs
