../Core/Src/main_task2.c:142:19:cmdq_empty	1
../Core/Src/main_task2.c:145:12:cmdq_push	2
../Core/Src/main_task2.c:155:12:cmdq_pop	2
../Core/Src/main_task2.c:169:20:cmdq_clear	1
../Core/Src/main_task2.c:179:6:HAL_UART_TxCpltCallback	2
../Core/Src/main_task2.c:185:13:send_ack	2
../Core/Src/main_task2.c:196:13:send_ack_one_cmd	2
../Core/Src/main_task2.c:412:20:icm_read	3
../Core/Src/main_task2.c:431:10:icm_read_gz_raw	2
../Core/Src/main_task2.c:439:6:readByte	1
../Core/Src/main_task2.c:446:6:writeByte	1
../Core/Src/main_task2.c:453:6:gyroInit	1
../Core/Src/main_task2.c:484:20:delay_us	2
../Core/Src/main_task2.c:494:6:DWT_Delay_Init	1
../Core/Src/main_task2.c:520:20:motor_brake	1
../Core/Src/main_task2.c:529:20:left_forward_duty	1
../Core/Src/main_task2.c:534:20:right_forward_duty	1
../Core/Src/main_task2.c:550:20:left_reverse_duty	1
../Core/Src/main_task2.c:556:20:right_reverse_duty	1
../Core/Src/main_task2.c:563:20:set_servo_center	1
../Core/Src/main_task2.c:564:20:set_servo_right	1
../Core/Src/main_task2.c:565:20:set_servo_reverse_right	1
../Core/Src/main_task2.c:566:20:set_servo_left	1
../Core/Src/main_task2.c:567:20:set_servo_reverse_left	1
../Core/Src/main_task2.c:568:20:set_servo_center_afterleft	1
../Core/Src/main_task2.c:569:20:set_servo_center_afterright	1
../Core/Src/main_task2.c:571:20:uart_cmd_to_string	9
../Core/Src/main_task2.c:597:13:parse_and_enqueue_script	28
../Core/Src/main_task2.c:714:12:start_next_from_queue	22
../Core/Src/main_task2.c:966:7:Voltage_To_Distance_CM	4
../Core/Src/main_task2.c:980:5:main	1
../Core/Src/main_task2.c:1095:6:SystemClock_Config	3
../Core/Src/main_task2.c:1136:13:MX_ADC1_Init	4
../Core/Src/main_task2.c:1196:13:MX_I2C2_Init	2
../Core/Src/main_task2.c:1229:13:MX_TIM2_Init	3
../Core/Src/main_task2.c:1277:13:MX_TIM3_Init	3
../Core/Src/main_task2.c:1325:13:MX_TIM4_Init	7
../Core/Src/main_task2.c:1387:13:MX_TIM8_Init	6
../Core/Src/main_task2.c:1445:13:MX_TIM9_Init	6
../Core/Src/main_task2.c:1500:13:MX_TIM12_Init	5
../Core/Src/main_task2.c:1551:13:MX_USART3_UART_Init	2
../Core/Src/main_task2.c:1581:13:MX_DMA_Init	1
../Core/Src/main_task2.c:1598:13:MX_GPIO_Init	1
../Core/Src/main_task2.c:1675:6:HCSR04_Trigger	1
../Core/Src/main_task2.c:1684:20:HCSR04_Trigger_10us	1
../Core/Src/main_task2.c:1693:24:median3_u32	1
../Core/Src/main_task2.c:1700:6:HAL_TIM_IC_CaptureCallback	6
../Core/Src/main_task2.c:1779:6:HAL_UART_RxCpltCallback	12
../Core/Src/main_task2.c:1840:6:HAL_ADC_ConvCpltCallback	2
../Core/Src/main_task2.c:1871:6:ledTask	1
../Core/Src/main_task2.c:1895:6:oledTask	5
../Core/Src/main_task2.c:1964:6:motorTask	106
../Core/Src/main_task2.c:2770:6:encoderTask	2
../Core/Src/main_task2.c:2818:6:gyroTask	3
../Core/Src/main_task2.c:2931:6:ultrasoundTask	2
../Core/Src/main_task2.c:3034:6:irTask	1
../Core/Src/main_task2.c:3081:6:Error_Handler	1
