../Core/Src/main.c:144:19:cmdq_empty	4	static
../Core/Src/main.c:147:12:cmdq_push	24	static
../Core/Src/main.c:157:12:cmdq_pop	24	static
../Core/Src/main.c:171:20:cmdq_clear	4	static,ignoring_inline_asm
../Core/Src/main.c:181:6:HAL_UART_TxCpltCallback	16	static
../Core/Src/main.c:187:13:send_ack	8	static
../Core/Src/main.c:198:13:send_ack_one_cmd	8	static
../Core/Src/main.c:415:20:icm_read	32	static
../Core/Src/main.c:434:10:icm_read_gz_raw	16	static
../Core/Src/main.c:442:6:readByte	24	static
../Core/Src/main.c:449:6:writeByte	24	static
../Core/Src/main.c:456:6:gyroInit	8	static
../Core/Src/main.c:487:20:delay_us	24	static,ignoring_inline_asm
../Core/Src/main.c:497:6:DWT_Delay_Init	4	static
../Core/Src/main.c:523:20:motor_brake	4	static
../Core/Src/main.c:532:20:left_forward_duty	16	static
../Core/Src/main.c:537:20:right_forward_duty	16	static
../Core/Src/main.c:553:20:left_reverse_duty	16	static
../Core/Src/main.c:559:20:right_reverse_duty	16	static
../Core/Src/main.c:566:20:set_servo_center	4	static
../Core/Src/main.c:567:20:set_servo_right	4	static
../Core/Src/main.c:568:20:set_servo_reverse_right	4	static
../Core/Src/main.c:569:20:set_servo_left	4	static
../Core/Src/main.c:570:20:set_servo_reverse_left	4	static
../Core/Src/main.c:571:20:set_servo_center_afterleft	4	static
../Core/Src/main.c:572:20:set_servo_center_afterright	4	static
../Core/Src/main.c:574:20:uart_cmd_to_string	4	static
../Core/Src/main.c:600:13:parse_and_enqueue_script	56	static
../Core/Src/main.c:716:20:telemetry_name_for_cmd	16	static
../Core/Src/main.c:771:12:start_next_from_queue	40	static
../Core/Src/main.c:1030:7:Voltage_To_Distance_CM	24	static
../Core/Src/main.c:1044:5:main	216	static
../Core/Src/main.c:1162:6:SystemClock_Config	88	static
../Core/Src/main.c:1204:13:MX_ADC1_Init	24	static
../Core/Src/main.c:1265:13:MX_I2C2_Init	8	static
../Core/Src/main.c:1299:13:MX_TIM2_Init	56	static
../Core/Src/main.c:1348:13:MX_TIM3_Init	56	static
../Core/Src/main.c:1397:13:MX_TIM4_Init	64	static
../Core/Src/main.c:1460:13:MX_TIM8_Init	48	static
../Core/Src/main.c:1519:13:MX_TIM9_Init	56	static
../Core/Src/main.c:1575:13:MX_TIM12_Init	56	static
../Core/Src/main.c:1627:13:MX_USART2_UART_Init	8	static
../Core/Src/main.c:1660:13:MX_USART3_UART_Init	8	static
../Core/Src/main.c:1691:13:MX_DMA_Init	16	static
../Core/Src/main.c:1709:13:MX_GPIO_Init	48	static
../Core/Src/main.c:1786:6:HCSR04_Trigger	8	static
../Core/Src/main.c:1795:20:HCSR04_Trigger_10us	8	static
../Core/Src/main.c:1804:24:median3_u32	32	static
../Core/Src/main.c:1811:6:HAL_TIM_IC_CaptureCallback	24	static
../Core/Src/main.c:1890:6:HAL_UART_RxCpltCallback	24	static
../Core/Src/main.c:1951:6:HAL_ADC_ConvCpltCallback	24	static
../Core/Src/main.c:1982:6:ledTask	24	static
../Core/Src/main.c:2006:6:oledTask	64	static
../Core/Src/main.c:2075:6:motorTask	336	static
../Core/Src/main.c:2905:6:encoderTask	96	static
../Core/Src/main.c:2979:6:gyroTask	72	static
../Core/Src/main.c:3092:6:ultrasoundTask	16	static
../Core/Src/main.c:3123:6:irTask	40	static
../Core/Src/main.c:3170:6:Error_Handler	4	static,ignoring_inline_asm
