../Core/Src/main_task2.c:142:19:cmdq_empty	4	static
../Core/Src/main_task2.c:145:12:cmdq_push	24	static
../Core/Src/main_task2.c:155:12:cmdq_pop	24	static
../Core/Src/main_task2.c:169:20:cmdq_clear	4	static,ignoring_inline_asm
../Core/Src/main_task2.c:179:6:HAL_UART_TxCpltCallback	16	static
../Core/Src/main_task2.c:185:13:send_ack	8	static
../Core/Src/main_task2.c:196:13:send_ack_one_cmd	8	static
../Core/Src/main_task2.c:412:20:icm_read	32	static
../Core/Src/main_task2.c:431:10:icm_read_gz_raw	16	static
../Core/Src/main_task2.c:439:6:readByte	24	static
../Core/Src/main_task2.c:446:6:writeByte	24	static
../Core/Src/main_task2.c:453:6:gyroInit	8	static
../Core/Src/main_task2.c:484:20:delay_us	24	static,ignoring_inline_asm
../Core/Src/main_task2.c:494:6:DWT_Delay_Init	4	static
../Core/Src/main_task2.c:520:20:motor_brake	4	static
../Core/Src/main_task2.c:529:20:left_forward_duty	16	static
../Core/Src/main_task2.c:534:20:right_forward_duty	16	static
../Core/Src/main_task2.c:550:20:left_reverse_duty	16	static
../Core/Src/main_task2.c:556:20:right_reverse_duty	16	static
../Core/Src/main_task2.c:563:20:set_servo_center	4	static
../Core/Src/main_task2.c:564:20:set_servo_right	4	static
../Core/Src/main_task2.c:565:20:set_servo_reverse_right	4	static
../Core/Src/main_task2.c:566:20:set_servo_left	4	static
../Core/Src/main_task2.c:567:20:set_servo_reverse_left	4	static
../Core/Src/main_task2.c:568:20:set_servo_center_afterleft	4	static
../Core/Src/main_task2.c:569:20:set_servo_center_afterright	4	static
../Core/Src/main_task2.c:571:20:uart_cmd_to_string	4	static
../Core/Src/main_task2.c:597:13:parse_and_enqueue_script	56	static
../Core/Src/main_task2.c:714:12:start_next_from_queue	32	static
../Core/Src/main_task2.c:966:7:Voltage_To_Distance_CM	24	static
../Core/Src/main_task2.c:980:5:main	216	static
../Core/Src/main_task2.c:1095:6:SystemClock_Config	88	static
../Core/Src/main_task2.c:1136:13:MX_ADC1_Init	24	static
../Core/Src/main_task2.c:1196:13:MX_I2C2_Init	8	static
../Core/Src/main_task2.c:1229:13:MX_TIM2_Init	56	static
../Core/Src/main_task2.c:1277:13:MX_TIM3_Init	56	static
../Core/Src/main_task2.c:1325:13:MX_TIM4_Init	64	static
../Core/Src/main_task2.c:1387:13:MX_TIM8_Init	48	static
../Core/Src/main_task2.c:1445:13:MX_TIM9_Init	56	static
../Core/Src/main_task2.c:1500:13:MX_TIM12_Init	56	static
../Core/Src/main_task2.c:1551:13:MX_USART3_UART_Init	8	static
../Core/Src/main_task2.c:1581:13:MX_DMA_Init	16	static
../Core/Src/main_task2.c:1598:13:MX_GPIO_Init	48	static
../Core/Src/main_task2.c:1675:6:HCSR04_Trigger	8	static
../Core/Src/main_task2.c:1684:20:HCSR04_Trigger_10us	8	static
../Core/Src/main_task2.c:1693:24:median3_u32	32	static
../Core/Src/main_task2.c:1700:6:HAL_TIM_IC_CaptureCallback	24	static
../Core/Src/main_task2.c:1779:6:HAL_UART_RxCpltCallback	24	static
../Core/Src/main_task2.c:1840:6:HAL_ADC_ConvCpltCallback	24	static
../Core/Src/main_task2.c:1871:6:ledTask	24	static
../Core/Src/main_task2.c:1895:6:oledTask	64	static
../Core/Src/main_task2.c:1964:6:motorTask	336	static
../Core/Src/main_task2.c:2770:6:encoderTask	48	static
../Core/Src/main_task2.c:2818:6:gyroTask	72	static
../Core/Src/main_task2.c:2931:6:ultrasoundTask	16	static
../Core/Src/main_task2.c:3034:6:irTask	40	static
../Core/Src/main_task2.c:3081:6:Error_Handler	4	static,ignoring_inline_asm
